=== IME key matrix spike (awase 非依存) ===
観測: A=IMM(ImmGet*) / B=WM_IME_CONTROL / T=TSFスレッドcompartment / G=TSFグローバルcompartment
conv の目安: 0x19=ひらがな(NATIVE|FULLSHAPE|ROMAN) 0x10=半角英数(ROMAN) 0x00=直接入力系
手順: awase を止める → 3状態(直接入力/IME ON・入力なし/IME ON・入力中)で各キーを1回ずつ押す
キー: 無変換 変換 ひらがな 英数 カタカナ 半角/全角（Ctrl併用も別途記録される）
ログファイル: C:\Users\cuzic\scoop\persist\msys2\home\cuzic\awase\target\debug\examples\ime_key_matrix_spike.log

[14:14:11.310Z] KEY ひらがな(0xF2) vk=0xF2 scan=0x70  状態=直接入力
    前     : A(open=0 conv=0x09) B(open=0 conv=0x09) T(open=0 conv=0x09) G(open=0 conv=0x00) comp="" tail=""
    +400ms: A(open=0 conv=0x09) B(open=0 conv=0x09) T(open=0 conv=0x09) G(open=0 conv=0x00) comp="" tail=""
    +1500ms: A(open=0 conv=0x09) B(open=0 conv=0x09) T(open=0 conv=0x09) G(open=0 conv=0x00) comp="" tail="ka"
    差分(前→+400ms): Δなし   (前→+1500ms): Δ tail:""→"ka"
[14:14:13.442Z] KEY 半角/全角(0xF4) vk=0xF4 scan=0x29  状態=直接入力
    前     : A(open=0 conv=0x09) B(open=0 conv=0x09) T(open=0 conv=0x09) G(open=0 conv=0x00) comp="" tail="ka"
    +400ms: A(open=1 conv=0x09) B(open=1 conv=0x09) T(open=1 conv=0x09) G(open=0 conv=0x00) comp="ｋ" tail="ka"
    +1500ms: A(open=1 conv=0x09) B(open=1 conv=0x09) T(open=1 conv=0x09) G(open=0 conv=0x00) comp="か" tail="ka"
    差分(前→+400ms): Δ open A:0→1 B:0→1 / tsf-thread open:0→1 conv:0x09→0x09 / comp:Some("")→Some("ｋ")   (前→+1500ms): Δ open A:0→1 B:0→1 / tsf-thread open:0→1 conv:0x09→0x09 / comp:Some("")→Some("か")
[14:14:15.319Z] KEY Enter vk=0x0D scan=0x1C  状態=IME ON・入力中
    前     : A(open=1 conv=0x09) B(open=1 conv=0x09) T(open=1 conv=0x09) G(open=0 conv=0x00) comp="か" tail="ka"
    +400ms: A(open=1 conv=0x09) B(open=1 conv=0x09) T(open=1 conv=0x09) G(open=0 conv=0x00) comp="" tail="kaか"
    +1500ms: A(open=1 conv=0x09) B(open=1 conv=0x09) T(open=1 conv=0x09) G(open=0 conv=0x00) comp="" tail="kaか"
    差分(前→+400ms): Δ comp:Some("か")→Some("") / tail:"ka"→"kaか"   (前→+1500ms): Δ comp:Some("か")→Some("") / tail:"ka"→"kaか"
[14:14:17.565Z] KEY 無変換 vk=0x1D scan=0x7B  状態=IME ON・入力なし
    前     : A(open=1 conv=0x09) B(open=1 conv=0x09) T(open=1 conv=0x09) G(open=0 conv=0x00) comp="" tail="kaか"
    +400ms: A(open=0 conv=0x09) B(open=0 conv=0x09) T(open=0 conv=0x09) G(open=0 conv=0x00) comp="" tail="kaか"
    +1500ms: A(open=1 conv=0x09) B(open=1 conv=0x09) T(open=1 conv=0x09) G(open=0 conv=0x00) comp="" tail="kaか"
    差分(前→+400ms): Δ open A:1→0 B:1→0 / tsf-thread open:1→0 conv:0x09→0x09   (前→+1500ms): Δなし
[14:14:18.982Z] KEY 無変換 vk=0x1D scan=0x7B  状態=直接入力
    前     : A(open=0 conv=0x09) B(open=0 conv=0x09) T(open=0 conv=0x09) G(open=0 conv=0x00) comp="" tail="kaか"
    +400ms: A(open=1 conv=0x09) B(open=1 conv=0x09) T(open=1 conv=0x09) G(open=0 conv=0x00) comp="" tail="kaか"
    +1500ms: A(open=0 conv=0x09) B(open=0 conv=0x09) T(open=0 conv=0x09) G(open=0 conv=0x00) comp="" tail="kaか"
    差分(前→+400ms): Δ open A:0→1 B:0→1 / tsf-thread open:0→1 conv:0x09→0x09   (前→+1500ms): Δなし
[14:14:20.363Z] KEY 変換 vk=0x1C scan=0x79  状態=IME ON・入力なし
    前     : A(open=1 conv=0x09) B(open=1 conv=0x09) T(open=1 conv=0x09) G(open=0 conv=0x00) comp="" tail="kaか"
    +400ms: A(open=0 conv=0x09) B(open=0 conv=0x09) T(open=0 conv=0x09) G(open=0 conv=0x00) comp="" tail="kaか"
    +1500ms: A(open=1 conv=0x09) B(open=1 conv=0x09) T(open=1 conv=0x09) G(open=0 conv=0x00) comp="" tail="kaか"
    差分(前→+400ms): Δ open A:1→0 B:1→0 / tsf-thread open:1→0 conv:0x09→0x09   (前→+1500ms): Δなし
[14:14:20.988Z] KEY 変換 vk=0x1C scan=0x79  状態=直接入力
    前     : A(open=0 conv=0x09) B(open=0 conv=0x09) T(open=0 conv=0x09) G(open=0 conv=0x00) comp="" tail="kaか"
    +400ms: A(open=1 conv=0x09) B(open=1 conv=0x09) T(open=1 conv=0x09) G(open=0 conv=0x00) comp="" tail="kaか"
    +1500ms: A(open=0 conv=0x09) B(open=0 conv=0x09) T(open=0 conv=0x09) G(open=0 conv=0x00) comp="" tail="kaか"
    差分(前→+400ms): Δ open A:0→1 B:0→1 / tsf-thread open:0→1 conv:0x09→0x09   (前→+1500ms): Δなし
[14:14:22.299Z] KEY 半角/全角(0xF3) vk=0xF3 scan=0x29  状態=IME ON・入力なし
    前     : A(open=1 conv=0x09) B(open=1 conv=0x09) T(open=1 conv=0x09) G(open=0 conv=0x00) comp="" tail="kaか"
    +400ms: A(open=1 conv=0x09) B(open=1 conv=0x09) T(open=1 conv=0x09) G(open=0 conv=0x00) comp="" tail="kaか"
    +1500ms: A(open=1 conv=0x09) B(open=1 conv=0x09) T(open=1 conv=0x09) G(open=0 conv=0x00) comp="" tail="kaか"
    差分(前→+400ms): Δなし   (前→+1500ms): Δなし
[14:14:22.732Z] KEY 半角/全角(0xF4) vk=0xF4 scan=0x29  状態=直接入力
    前     : A(open=0 conv=0x09) B(open=0 conv=0x09) T(open=0 conv=0x09) G(open=0 conv=0x00) comp="" tail="kaか"
    +400ms: A(open=1 conv=0x09) B(open=1 conv=0x09) T(open=1 conv=0x09) G(open=0 conv=0x00) comp="" tail="kaか"
    +1500ms: A(open=1 conv=0x09) B(open=1 conv=0x09) T(open=1 conv=0x09) G(open=0 conv=0x00) comp="" tail="kaか"
    差分(前→+400ms): Δ open A:0→1 B:0→1 / tsf-thread open:0→1 conv:0x09→0x09   (前→+1500ms): Δ open A:0→1 B:0→1 / tsf-thread open:0→1 conv:0x09→0x09
[14:14:26.173Z] KEY Shift+変換 vk=0x1C scan=0x79  状態=IME ON・入力なし
    前     : A(open=1 conv=0x09) B(open=1 conv=0x09) T(open=1 conv=0x09) G(open=0 conv=0x00) comp="" tail="kaか"
    +400ms: A(open=1 conv=0x09) B(open=1 conv=0x09) T(open=1 conv=0x09) G(open=0 conv=0x00) comp="" tail="kaか"
    +1500ms: A(open=1 conv=0x10) B(open=1 conv=0x10) T(open=1 conv=0x10) G(open=0 conv=0x00) comp="" tail="kaか"
    差分(前→+400ms): Δなし   (前→+1500ms): Δ conv A:0x09→0x10 B:0x09→0x10 / tsf-thread open:1→1 conv:0x09→0x10
[14:14:26.673Z] KEY Shift+変換 vk=0x1C scan=0x79  状態=IME ON・入力なし
    前     : A(open=1 conv=0x09) B(open=1 conv=0x09) T(open=1 conv=0x09) G(open=0 conv=0x00) comp="" tail="kaか"
    +400ms: A(open=1 conv=0x09) B(open=1 conv=0x09) T(open=1 conv=0x09) G(open=0 conv=0x00) comp="" tail="kaか"
    +1500ms: A(open=1 conv=0x19) B(open=1 conv=0x19) T(open=1 conv=0x19) G(open=0 conv=0x00) comp="" tail="kaか"
    差分(前→+400ms): Δなし   (前→+1500ms): Δ conv A:0x09→0x19 B:0x09→0x19 / tsf-thread open:1→1 conv:0x09→0x19
[14:14:27.609Z] KEY Shift+無変換 vk=0x1D scan=0x7B  状態=IME ON・入力なし
    前     : A(open=1 conv=0x09) B(open=1 conv=0x09) T(open=1 conv=0x09) G(open=0 conv=0x00) comp="" tail="kaか"
    +400ms: A(open=1 conv=0x19) B(open=1 conv=0x19) T(open=1 conv=0x19) G(open=0 conv=0x00) comp="" tail="kaか"
    +1500ms: A(open=1 conv=0x19) B(open=1 conv=0x19) T(open=1 conv=0x19) G(open=0 conv=0x00) comp="" tail="kaか"
    差分(前→+400ms): Δ conv A:0x09→0x19 B:0x09→0x19 / tsf-thread open:1→1 conv:0x09→0x19   (前→+1500ms): Δ conv A:0x09→0x19 B:0x09→0x19 / tsf-thread open:1→1 conv:0x09→0x19
[14:14:28.003Z] KEY Shift+無変換 vk=0x1D scan=0x7B  状態=IME ON・入力なし
    前     : A(open=1 conv=0x10) B(open=1 conv=0x10) T(open=1 conv=0x10) G(open=0 conv=0x00) comp="" tail="kaか"
    +400ms: A(open=1 conv=0x19) B(open=1 conv=0x19) T(open=1 conv=0x19) G(open=0 conv=0x00) comp="" tail="kaか"
    +1500ms: A(open=1 conv=0x19) B(open=1 conv=0x19) T(open=1 conv=0x19) G(open=0 conv=0x00) comp="" tail="kaか"
    差分(前→+400ms): Δ conv A:0x10→0x19 B:0x10→0x19 / tsf-thread open:1→1 conv:0x10→0x19   (前→+1500ms): Δ conv A:0x10→0x19 B:0x10→0x19 / tsf-thread open:1→1 conv:0x10→0x19
[14:14:28.649Z] KEY Shift+無変換 vk=0x1D scan=0x7B  状態=IME ON・入力なし
    前     : A(open=1 conv=0x19) B(open=1 conv=0x19) T(open=1 conv=0x19) G(open=0 conv=0x00) comp="" tail="kaか"
    +400ms: A(open=1 conv=0x19) B(open=1 conv=0x19) T(open=1 conv=0x19) G(open=0 conv=0x00) comp="" tail="kaか"
    +1500ms: A(open=1 conv=0x19) B(open=1 conv=0x19) T(open=1 conv=0x19) G(open=0 conv=0x00) comp="" tail="kaか"
    差分(前→+400ms): Δなし   (前→+1500ms): Δなし
[14:14:29.088Z] KEY Shift+無変換 vk=0x1D scan=0x7B  状態=IME ON・入力なし
    前     : A(open=1 conv=0x10) B(open=1 conv=0x10) T(open=1 conv=0x10) G(open=0 conv=0x00) comp="" tail="kaか"
    +400ms: A(open=1 conv=0x19) B(open=1 conv=0x19) T(open=1 conv=0x19) G(open=0 conv=0x00) comp="" tail="kaか"
    +1500ms: A(open=1 conv=0x19) B(open=1 conv=0x19) T(open=1 conv=0x19) G(open=0 conv=0x00) comp="" tail="kaか"
    差分(前→+400ms): Δ conv A:0x10→0x19 B:0x10→0x19 / tsf-thread open:1→1 conv:0x10→0x19   (前→+1500ms): Δ conv A:0x10→0x19 B:0x10→0x19 / tsf-thread open:1→1 conv:0x10→0x19
[14:14:31.721Z] KEY Ctrl+無変換 vk=0x1D scan=0x7B  状態=IME ON・入力なし
    前     : A(open=1 conv=0x19) B(open=1 conv=0x19) T(open=1 conv=0x19) G(open=0 conv=0x00) comp="" tail="kaか"
    +400ms: A(open=1 conv=0x19) B(open=1 conv=0x19) T(open=1 conv=0x19) G(open=0 conv=0x00) comp="" tail="kaか"
    +1500ms: A(open=1 conv=0x19) B(open=1 conv=0x19) T(open=1 conv=0x19) G(open=0 conv=0x00) comp="" tail="kaか"
    差分(前→+400ms): Δなし   (前→+1500ms): Δなし
[14:14:32.265Z] KEY Ctrl+無変換 vk=0x1D scan=0x7B  状態=IME ON・入力なし
    前     : A(open=1 conv=0x19) B(open=1 conv=0x19) T(open=1 conv=0x19) G(open=0 conv=0x00) comp="" tail="kaか"
    +400ms: A(open=1 conv=0x19) B(open=1 conv=0x19) T(open=1 conv=0x19) G(open=0 conv=0x00) comp="" tail="kaか"
    +1500ms: A(open=1 conv=0x19) B(open=1 conv=0x19) T(open=1 conv=0x19) G(open=0 conv=0x00) comp="" tail="kaか"
    差分(前→+400ms): Δなし   (前→+1500ms): Δなし
[14:14:32.698Z] KEY Ctrl+変換 vk=0x1C scan=0x79  状態=IME ON・入力なし
    前     : A(open=1 conv=0x19) B(open=1 conv=0x19) T(open=1 conv=0x19) G(open=0 conv=0x00) comp="" tail="kaか"
    +400ms: A(open=1 conv=0x19) B(open=1 conv=0x19) T(open=1 conv=0x19) G(open=0 conv=0x00) comp="" tail="kaか"
    +1500ms: A(open=1 conv=0x19) B(open=1 conv=0x19) T(open=1 conv=0x19) G(open=0 conv=0x00) comp="" tail="kaか"
    差分(前→+400ms): Δなし   (前→+1500ms): Δなし
[14:14:33.018Z] KEY Ctrl+変換 vk=0x1C scan=0x79  状態=IME ON・入力なし
    前     : A(open=1 conv=0x19) B(open=1 conv=0x19) T(open=1 conv=0x19) G(open=0 conv=0x00) comp="" tail="kaか"
    +400ms: A(open=1 conv=0x19) B(open=1 conv=0x19) T(open=1 conv=0x19) G(open=0 conv=0x00) comp="" tail="kaか"
    +1500ms: A(open=1 conv=0x19) B(open=1 conv=0x19) T(open=1 conv=0x19) G(open=0 conv=0x00) comp="" tail="kaか"
    差分(前→+400ms): Δなし   (前→+1500ms): Δなし
[14:14:40.623Z] KEY BS vk=0x08 scan=0x0E  状態=IME ON・入力中
    前     : A(open=1 conv=0x19) B(open=1 conv=0x19) T(open=1 conv=0x19) G(open=0 conv=0x00) comp="０" tail="kaか"
    +400ms: A(open=1 conv=0x19) B(open=1 conv=0x19) T(open=1 conv=0x19) G(open=0 conv=0x00) comp="" tail="kaか"
    +1500ms: A(open=1 conv=0x19) B(open=1 conv=0x19) T(open=1 conv=0x19) G(open=0 conv=0x00) comp="" tail="kaか"
    差分(前→+400ms): Δ comp:Some("０")→Some("")   (前→+1500ms): Δ comp:Some("０")→Some("")
[14:14:45.575Z] KEY 無変換 vk=0x1D scan=0x7B  状態=IME ON・入力なし
    前     : A(open=1 conv=0x10) B(open=1 conv=0x10) T(open=1 conv=0x10) G(open=0 conv=0x00) comp="" tail="kaか"
    +400ms: A(open=0 conv=0x10) B(open=0 conv=0x10) T(open=0 conv=0x10) G(open=0 conv=0x00) comp="" tail="kaか"
    +1500ms: A(open=0 conv=0x10) B(open=0 conv=0x10) T(open=0 conv=0x10) G(open=0 conv=0x00) comp="" tail="kaか"
    差分(前→+400ms): Δ open A:1→0 B:1→0 / tsf-thread open:1→0 conv:0x10→0x10   (前→+1500ms): Δ open A:1→0 B:1→0 / tsf-thread open:1→0 conv:0x10→0x10
[14:14:46.512Z] KEY 無変換 vk=0x1D scan=0x7B  状態=直接入力
    前     : A(open=0 conv=0x10) B(open=0 conv=0x10) T(open=0 conv=0x10) G(open=0 conv=0x00) comp="" tail="kaか"
    +400ms: A(open=0 conv=0x10) B(open=0 conv=0x10) T(open=0 conv=0x10) G(open=0 conv=0x00) comp="" tail="kaか"
    +1500ms: A(open=0 conv=0x10) B(open=0 conv=0x10) T(open=0 conv=0x10) G(open=0 conv=0x00) comp="" tail="kaか"
    差分(前→+400ms): Δなし   (前→+1500ms): Δなし
[14:14:46.763Z] KEY 無変換 vk=0x1D scan=0x7B  状態=IME ON・入力なし
    前     : A(open=1 conv=0x10) B(open=1 conv=0x10) T(open=1 conv=0x10) G(open=0 conv=0x00) comp="" tail="kaか"
    +400ms: A(open=0 conv=0x10) B(open=0 conv=0x10) T(open=0 conv=0x10) G(open=0 conv=0x00) comp="" tail="kaか"
    +1500ms: A(open=0 conv=0x10) B(open=0 conv=0x10) T(open=0 conv=0x10) G(open=0 conv=0x00) comp="" tail="kaか"
    差分(前→+400ms): Δ open A:1→0 B:1→0 / tsf-thread open:1→0 conv:0x10→0x10   (前→+1500ms): Δ open A:1→0 B:1→0 / tsf-thread open:1→0 conv:0x10→0x10
[14:14:50.073Z] KEY 無変換 vk=0x1D scan=0x7B  状態=直接入力
    前     : A(open=0 conv=0x10) B(open=0 conv=0x10) T(open=0 conv=0x10) G(open=0 conv=0x00) comp="" tail="kaか"
    +400ms: A(open=1 conv=0x10) B(open=1 conv=0x10) T(open=1 conv=0x10) G(open=0 conv=0x00) comp="" tail="kaか"
    +1500ms: A(open=0 conv=0x10) B(open=0 conv=0x10) T(open=0 conv=0x10) G(open=0 conv=0x00) comp="" tail="kaか"
    差分(前→+400ms): Δ open A:0→1 B:0→1 / tsf-thread open:0→1 conv:0x10→0x10   (前→+1500ms): Δなし
[14:14:52.705Z] KEY 無変換 vk=0x1D scan=0x7B  状態=直接入力
    前     : A(open=0 conv=0x10) B(open=0 conv=0x10) T(open=0 conv=0x10) G(open=0 conv=0x00) comp="" tail="kaか"
    +400ms: A(open=1 conv=0x10) B(open=1 conv=0x10) T(open=1 conv=0x10) G(open=0 conv=0x00) comp="" tail="kaか"
    +1500ms: A(open=1 conv=0x10) B(open=1 conv=0x10) T(open=1 conv=0x10) G(open=0 conv=0x00) comp="" tail="kaか"
    差分(前→+400ms): Δ open A:0→1 B:0→1 / tsf-thread open:0→1 conv:0x10→0x10   (前→+1500ms): Δ open A:0→1 B:0→1 / tsf-thread open:0→1 conv:0x10→0x10
[14:14:56.328Z] KEY 無変換 vk=0x1D scan=0x7B  状態=IME ON・入力なし
    前     : A(open=1 conv=0x19) B(open=1 conv=0x19) T(open=1 conv=0x19) G(open=0 conv=0x00) comp="" tail="kaか"
    +400ms: A(open=1 conv=0x19) B(open=1 conv=0x19) T(open=1 conv=0x19) G(open=0 conv=0x00) comp="" tail="kaか"
    +1500ms: A(open=1 conv=0x19) B(open=1 conv=0x19) T(open=1 conv=0x19) G(open=0 conv=0x00) comp="" tail="kaか"
    差分(前→+400ms): Δなし   (前→+1500ms): Δなし
[14:14:56.763Z] KEY 無変換 vk=0x1D scan=0x7B  状態=直接入力
    前     : A(open=0 conv=0x19) B(open=0 conv=0x19) T(open=0 conv=0x19) G(open=0 conv=0x00) comp="" tail="kaか"
    +400ms: A(open=1 conv=0x19) B(open=1 conv=0x19) T(open=1 conv=0x19) G(open=0 conv=0x00) comp="" tail="kaか"
    +1500ms: A(open=0 conv=0x19) B(open=0 conv=0x19) T(open=0 conv=0x19) G(open=0 conv=0x00) comp="" tail="kaか"
    差分(前→+400ms): Δ open A:0→1 B:0→1 / tsf-thread open:0→1 conv:0x19→0x19   (前→+1500ms): Δなし
[14:14:58.257Z] KEY 無変換 vk=0x1D scan=0x7B  状態=IME ON・入力なし
    前     : A(open=1 conv=0x19) B(open=1 conv=0x19) T(open=1 conv=0x19) G(open=0 conv=0x00) comp="" tail="kaか"
    +400ms: A(open=0 conv=0x19) B(open=0 conv=0x19) T(open=0 conv=0x19) G(open=0 conv=0x00) comp="" tail="kaか"
    +1500ms: A(open=1 conv=0x19) B(open=1 conv=0x19) T(open=1 conv=0x19) G(open=0 conv=0x00) comp="" tail="kaか"
    差分(前→+400ms): Δ open A:1→0 B:1→0 / tsf-thread open:1→0 conv:0x19→0x19   (前→+1500ms): Δなし
[14:14:59.562Z] KEY 無変換 vk=0x1D scan=0x7B  状態=直接入力
    前     : A(open=0 conv=0x19) B(open=0 conv=0x19) T(open=0 conv=0x19) G(open=0 conv=0x00) comp="" tail="kaか"
    +400ms: A(open=1 conv=0x10) B(open=1 conv=0x10) T(open=1 conv=0x10) G(open=0 conv=0x00) comp="" tail="kaか"
    +1500ms: A(open=0 conv=0x19) B(open=0 conv=0x19) T(open=0 conv=0x19) G(open=0 conv=0x00) comp="" tail="kaか"
    差分(前→+400ms): Δ open A:0→1 B:0→1 / conv A:0x19→0x10 B:0x19→0x10 / tsf-thread open:0→1 conv:0x19→0x10   (前→+1500ms): Δなし
[14:15:00.934Z] KEY 無変換 vk=0x1D scan=0x7B  状態=IME ON・入力なし
    前     : A(open=1 conv=0x19) B(open=1 conv=0x19) T(open=1 conv=0x19) G(open=0 conv=0x00) comp="" tail="kaか"
    +400ms: A(open=0 conv=0x19) B(open=0 conv=0x19) T(open=0 conv=0x19) G(open=0 conv=0x00) comp="" tail="kaか"
    +1500ms: A(open=1 conv=0x19) B(open=1 conv=0x19) T(open=1 conv=0x19) G(open=0 conv=0x00) comp="" tail="kaか"
    差分(前→+400ms): Δ open A:1→0 B:1→0 / tsf-thread open:1→0 conv:0x19→0x19   (前→+1500ms): Δなし
[14:15:02.200Z] KEY 無変換 vk=0x1D scan=0x7B  状態=直接入力
    前     : A(open=0 conv=0x19) B(open=0 conv=0x19) T(open=0 conv=0x19) G(open=0 conv=0x00) comp="" tail="kaか"
    +400ms: A(open=1 conv=0x10) B(open=1 conv=0x10) T(open=1 conv=0x10) G(open=0 conv=0x00) comp="" tail="kaか"
    +1500ms: A(open=1 conv=0x19) B(open=1 conv=0x19) T(open=1 conv=0x19) G(open=0 conv=0x00) comp="" tail="kaか"
    差分(前→+400ms): Δ open A:0→1 B:0→1 / conv A:0x19→0x10 B:0x19→0x10 / tsf-thread open:0→1 conv:0x19→0x10   (前→+1500ms): Δ open A:0→1 B:0→1 / tsf-thread open:0→1 conv:0x19→0x19
[14:15:04.145Z] KEY 無変換 vk=0x1D scan=0x7B  状態=IME ON・入力なし
    前     : A(open=1 conv=0x19) B(open=1 conv=0x19) T(open=1 conv=0x19) G(open=0 conv=0x00) comp="" tail="kaか"
    +400ms: A(open=0 conv=0x19) B(open=0 conv=0x19) T(open=0 conv=0x19) G(open=0 conv=0x00) comp="" tail="kaか"
    +1500ms: A(open=1 conv=0x19) B(open=1 conv=0x19) T(open=1 conv=0x19) G(open=0 conv=0x00) comp="" tail="kaか"
    差分(前→+400ms): Δ open A:1→0 B:1→0 / tsf-thread open:1→0 conv:0x19→0x19   (前→+1500ms): Δなし
[14:15:04.897Z] KEY 無変換 vk=0x1D scan=0x7B  状態=直接入力
    前     : A(open=0 conv=0x19) B(open=0 conv=0x19) T(open=0 conv=0x19) G(open=0 conv=0x00) comp="" tail="kaか"
    +400ms: A(open=0 conv=0x19) B(open=0 conv=0x19) T(open=0 conv=0x19) G(open=0 conv=0x00) comp="" tail="kaか"
    +1500ms: A(open=1 conv=0x10) B(open=1 conv=0x10) T(open=1 conv=0x10) G(open=0 conv=0x00) comp="" tail="kaか"
    差分(前→+400ms): Δなし   (前→+1500ms): Δ open A:0→1 B:0→1 / conv A:0x19→0x10 B:0x19→0x10 / tsf-thread open:0→1 conv:0x19→0x10
[14:15:05.335Z] KEY 無変換 vk=0x1D scan=0x7B  状態=IME ON・入力なし
    前     : A(open=1 conv=0x19) B(open=1 conv=0x19) T(open=1 conv=0x19) G(open=0 conv=0x00) comp="" tail="kaか"
    +400ms: A(open=1 conv=0x19) B(open=1 conv=0x19) T(open=1 conv=0x19) G(open=0 conv=0x00) comp="" tail="kaか"
    +1500ms: A(open=1 conv=0x19) B(open=1 conv=0x19) T(open=1 conv=0x19) G(open=0 conv=0x00) comp="" tail="kaか"
    差分(前→+400ms): Δなし   (前→+1500ms): Δなし
[14:15:05.704Z] KEY 無変換 vk=0x1D scan=0x7B  状態=直接入力
    前     : A(open=0 conv=0x19) B(open=0 conv=0x19) T(open=0 conv=0x19) G(open=0 conv=0x00) comp="" tail="kaか"
    +400ms: A(open=1 conv=0x19) B(open=1 conv=0x19) T(open=1 conv=0x19) G(open=0 conv=0x00) comp="" tail="kaか"
    +1500ms: A(open=0 conv=0x19) B(open=0 conv=0x19) T(open=0 conv=0x19) G(open=0 conv=0x00) comp="" tail="kaか"
    差分(前→+400ms): Δ open A:0→1 B:0→1 / tsf-thread open:0→1 conv:0x19→0x19   (前→+1500ms): Δなし
[14:15:07.204Z] KEY 無変換 vk=0x1D scan=0x7B  状態=IME ON・入力なし
    前     : A(open=1 conv=0x19) B(open=1 conv=0x19) T(open=1 conv=0x19) G(open=0 conv=0x00) comp="" tail="kaか"
    +400ms: A(open=0 conv=0x19) B(open=0 conv=0x19) T(open=0 conv=0x19) G(open=0 conv=0x00) comp="" tail="kaか"
    +1500ms: A(open=1 conv=0x19) B(open=1 conv=0x19) T(open=1 conv=0x19) G(open=0 conv=0x00) comp="" tail="kaか"
    差分(前→+400ms): Δ open A:1→0 B:1→0 / tsf-thread open:1→0 conv:0x19→0x19   (前→+1500ms): Δなし
[14:15:08.634Z] KEY 無変換 vk=0x1D scan=0x7B  状態=直接入力
    前     : A(open=0 conv=0x19) B(open=0 conv=0x19) T(open=0 conv=0x19) G(open=0 conv=0x00) comp="" tail="kaか"
    +400ms: A(open=1 conv=0x10) B(open=1 conv=0x10) T(open=1 conv=0x10) G(open=0 conv=0x00) comp="" tail="kaか"
    +1500ms: A(open=1 conv=0x19) B(open=1 conv=0x19) T(open=1 conv=0x19) G(open=0 conv=0x00) comp="" tail="kaか"
    差分(前→+400ms): Δ open A:0→1 B:0→1 / conv A:0x19→0x10 B:0x19→0x10 / tsf-thread open:0→1 conv:0x19→0x10   (前→+1500ms): Δ open A:0→1 B:0→1 / tsf-thread open:0→1 conv:0x19→0x19
[14:15:23.812Z] KEY Ctrl+無変換 vk=0x1D scan=0x7B  状態=IME ON・入力なし
    前     : A(open=1 conv=0x19) B(open=1 conv=0x19) T(open=1 conv=0x19) G(open=0 conv=0x00) comp="" tail="kaか"
    +400ms: A(open=1 conv=0x19) B(open=1 conv=0x19) T(open=1 conv=0x19) G(open=0 conv=0x00) comp="" tail="kaか"
    +1500ms: A(open=1 conv=0x19) B(open=1 conv=0x19) T(open=1 conv=0x19) G(open=0 conv=0x00) comp="" tail="kaか"
    差分(前→+400ms): Δなし   (前→+1500ms): Δなし
[14:15:25.297Z] KEY BS vk=0x08 scan=0x0E  状態=IME ON・入力なし
    前     : A(open=1 conv=0x19) B(open=1 conv=0x19) T(open=1 conv=0x19) G(open=0 conv=0x00) comp="" tail="kaか"
    +400ms: A(open=1 conv=0x19) B(open=1 conv=0x19) T(open=1 conv=0x19) G(open=0 conv=0x00) comp="" tail="kaか"
    +1500ms: A(open=1 conv=0x19) B(open=1 conv=0x19) T(open=1 conv=0x19) G(open=0 conv=0x00) comp="" tail="kaか"
    差分(前→+400ms): Δなし   (前→+1500ms): Δなし
[14:15:25.421Z] KEY BS vk=0x08 scan=0x0E  状態=IME ON・入力なし
    前     : A(open=1 conv=0x19) B(open=1 conv=0x19) T(open=1 conv=0x19) G(open=0 conv=0x00) comp="" tail="kaか"
    +400ms: A(open=1 conv=0x19) B(open=1 conv=0x19) T(open=1 conv=0x19) G(open=0 conv=0x00) comp="" tail="kaか"
    +1500ms: A(open=1 conv=0x19) B(open=1 conv=0x19) T(open=1 conv=0x19) G(open=0 conv=0x00) comp="" tail="kaか"
    差分(前→+400ms): Δなし   (前→+1500ms): Δなし
[14:15:25.670Z] KEY 半角/全角(0xF3) vk=0xF3 scan=0x29  状態=IME ON・入力なし
    前     : A(open=1 conv=0x19) B(open=1 conv=0x19) T(open=1 conv=0x19) G(open=0 conv=0x00) comp="" tail="kaか"
    +400ms: A(open=1 conv=0x19) B(open=1 conv=0x19) T(open=1 conv=0x19) G(open=0 conv=0x00) comp="" tail="kaか"
    +1500ms: A(open=1 conv=0x19) B(open=1 conv=0x19) T(open=1 conv=0x19) G(open=0 conv=0x00) comp="" tail="kaか"
    差分(前→+400ms): Δなし   (前→+1500ms): Δなし
[14:15:26.681Z] KEY Enter vk=0x0D scan=0x1C  状態=IME ON・入力なし
    前     : A(open=1 conv=0x19) B(open=1 conv=0x19) T(open=1 conv=0x19) G(open=0 conv=0x00) comp="" tail="kaか"
    +400ms: A(open=1 conv=0x19) B(open=1 conv=0x19) T(open=1 conv=0x19) G(open=0 conv=0x00) comp="" tail="kaか"
    +1500ms: A(open=1 conv=0x19) B(open=1 conv=0x19) T(open=1 conv=0x19) G(open=0 conv=0x00) comp="" tail="kaか"
    差分(前→+400ms): Δなし   (前→+1500ms): Δなし
script error: Output type incorrect: bool (expecting ())
