2026-09-19T23:05:21.178666Z  INFO awase::engine::engine: Engine deactivated (ime=false, romaji=true, japanese=true, user=true, reason=Inactive(ImeOff))
2026-09-19T23:05:21.465905Z  INFO awase::engine::engine: Engine activated (ime=true, romaji=true, japanese=true, user=true, reason=Active)
2026-09-19T23:05:24.000408Z  INFO awase::engine::engine: Engine deactivated (ime=true, romaji=false, japanese=true, user=true, reason=Inactive(NotRomajiInput))
2026-09-19T23:05:33.442056Z  INFO awase::engine::engine: Engine activated (ime=true, romaji=true, japanese=true, user=true, reason=Active)
2026-09-19T23:05:36.671611Z  INFO awase::engine::engine: IME open axis delegated (solo tap, key semantics absorption) → false (origin=ExplicitUserAction)
2026-09-19T23:05:36.676351Z DEBUG on_ime_apply_complete{open=false outcome=Unwarranted generation=None reason=EngineDecision}: awase::journal: ime open applied seq=680 elapsed_ms=151597 open=false outcome="Unwarranted" reason="EngineDecision"
2026-09-19T23:05:36.676377Z DEBUG on_ime_apply_complete{open=false outcome=Unwarranted generation=None reason=EngineDecision}: awase_windows::timer: Timer set: logical=101, ms=20, os_id=17086
2026-09-19T23:05:36.692181Z  INFO awase::engine::engine: Engine activated (ime=true, romaji=true, japanese=true, user=true, reason=Active)
2026-09-19T23:05:39.858922Z  INFO awase::engine::engine: IME open axis delegated (solo tap, key semantics absorption) → false (origin=ExplicitUserAction)
2026-09-19T23:05:39.862979Z DEBUG on_ime_apply_complete{open=false outcome=Unwarranted generation=None reason=EngineDecision}: awase::journal: ime open applied seq=700 elapsed_ms=154784 open=false outcome="Unwarranted" reason="EngineDecision"
2026-09-19T23:05:39.863004Z DEBUG on_ime_apply_complete{open=false outcome=Unwarranted generation=None reason=EngineDecision}: awase_windows::timer: Timer set: logical=101, ms=20, os_id=16955
2026-09-19T23:05:39.876454Z  INFO awase::engine::engine: Engine activated (ime=true, romaji=true, japanese=true, user=true, reason=Active)
2026-09-19T23:05:42.370123Z  INFO awase::engine::engine: IME open axis delegated (solo tap, key semantics absorption) → false (origin=ExplicitUserAction)
2026-09-19T23:05:42.375604Z DEBUG on_ime_apply_complete{open=false outcome=Unwarranted generation=None reason=EngineDecision}: awase::journal: ime open applied seq=713 elapsed_ms=157297 open=false outcome="Unwarranted" reason="EngineDecision"
2026-09-19T23:05:42.375653Z DEBUG on_ime_apply_complete{open=false outcome=Unwarranted generation=None reason=EngineDecision}: awase_windows::timer: Timer set: logical=101, ms=20, os_id=16857
2026-09-19T23:05:42.387864Z  INFO awase::engine::engine: Engine activated (ime=true, romaji=true, japanese=true, user=true, reason=Active)
2026-09-19T23:05:44.930810Z  INFO awase::engine::engine: IME open axis delegated (solo tap, key semantics absorption) → false (origin=ExplicitUserAction)
2026-09-19T23:05:44.935104Z DEBUG on_ime_apply_complete{open=false outcome=Unwarranted generation=None reason=EngineDecision}: awase::journal: ime open applied seq=726 elapsed_ms=159856 open=false outcome="Unwarranted" reason="EngineDecision"
2026-09-19T23:05:44.935134Z DEBUG on_ime_apply_complete{open=false outcome=Unwarranted generation=None reason=EngineDecision}: awase_windows::timer: Timer set: logical=101, ms=20, os_id=16752
2026-09-19T23:05:44.948962Z  INFO awase::engine::engine: Engine activated (ime=true, romaji=true, japanese=true, user=true, reason=Active)
2026-09-19T23:05:47.436401Z  INFO awase::engine::engine: IME open axis delegated (solo tap, key semantics absorption) → false (origin=ExplicitUserAction)
2026-09-19T23:05:47.440865Z DEBUG on_ime_apply_complete{open=false outcome=Unwarranted generation=None reason=EngineDecision}: awase::journal: ime open applied seq=739 elapsed_ms=162362 open=false outcome="Unwarranted" reason="EngineDecision"
2026-09-19T23:05:47.440927Z DEBUG on_ime_apply_complete{open=false outcome=Unwarranted generation=None reason=EngineDecision}: awase_windows::timer: Timer set: logical=101, ms=20, os_id=16653
2026-09-19T23:05:47.455609Z  INFO awase::engine::engine: Engine activated (ime=true, romaji=true, japanese=true, user=true, reason=Active)
2026-09-19T23:05:49.998882Z  INFO awase::engine::engine: IME open axis delegated (solo tap, key semantics absorption) → false (origin=ExplicitUserAction)
2026-09-19T23:05:50.009471Z DEBUG on_ime_apply_complete{open=false outcome=Unwarranted generation=None reason=EngineDecision}: awase::journal: ime open applied seq=753 elapsed_ms=164930 open=false outcome="Unwarranted" reason="EngineDecision"
2026-09-19T23:05:50.009598Z DEBUG on_ime_apply_complete{open=false outcome=Unwarranted generation=None reason=EngineDecision}: awase_windows::timer: Timer set: logical=101, ms=20, os_id=16548
2026-09-19T23:05:50.013926Z  INFO awase::engine::engine: Engine activated (ime=true, romaji=true, japanese=true, user=true, reason=Active)
2026-09-19T23:05:52.585487Z  INFO awase::engine::engine: IME open axis delegated (solo tap, key semantics absorption) → false (origin=ExplicitUserAction)
2026-09-19T23:05:52.607458Z DEBUG on_ime_apply_complete{open=false outcome=Unwarranted generation=None reason=EngineDecision}: awase::journal: ime open applied seq=766 elapsed_ms=167528 open=false outcome="Unwarranted" reason="EngineDecision"
2026-09-19T23:05:52.607600Z DEBUG on_ime_apply_complete{open=false outcome=Unwarranted generation=None reason=EngineDecision}: awase_windows::timer: Timer set: logical=101, ms=20, os_id=16445
2026-09-19T23:05:52.608130Z  INFO awase::engine::engine: Engine activated (ime=true, romaji=true, japanese=true, user=true, reason=Active)
2026-09-19T23:05:55.066218Z  INFO awase::engine::engine: Engine deactivated (ime=true, romaji=false, japanese=true, user=true, reason=Inactive(NotRomajiInput))
2026-09-19T23:06:04.533373Z  INFO awase::engine::engine: Engine activated (ime=true, romaji=true, japanese=true, user=true, reason=Active)
script error: Output type incorrect: bool (expecting ())
