=== IME key matrix spike (awase 非依存) ===
観測: A=IMM(ImmGet*) / B=WM_IME_CONTROL / T=TSFスレッドcompartment / G=TSFグローバルcompartment
conv の目安: 0x19=ひらがな(NATIVE|FULLSHAPE|ROMAN) 0x10=半角英数(ROMAN) 0x00=直接入力系
手順: awase を止める → 画面中段の案内に従ってキーを1回ずつ押す（全 2ラウンド×20ステップ、各押下後は3秒待機）
ROUND1=標準EDIT / ROUND2=RichEdit(TSFネイティブ)。そのキーが無い場合は Ctrl+Shift+F12 でスキップ
ログファイル: C:\Users\cuzic\scoop\persist\msys2\home\cuzic\awase-spike\target\debug\examples\ime_key_matrix_spike.log

=== ROUND 2/2: 対象コントロール = RichEdit 5.0(TSFネイティブ) ===
[AUTO] 準備 STEP 1: 現在=直接入力 必要=IME ON・かな・入力なし → VK 0x1C を注入
[18:00:01.613Z] KEY [準備/その他] 変換 vk=0x1C scan=0x79 press=17:59:59.990Z (auto)  状態=直接入力
    前     : A(open=0 conv=0x09) B(open=0 conv=0x09) T(open=0 conv=0x09) G(open=0 conv=0x00) comp="" tail=""
    +100ms: A(open=1 conv=0x19) B(open=1 conv=0x19) T(open=1 conv=0x19) G(open=0 conv=0x00) comp="" tail=""
    +400ms: A(open=1 conv=0x19) B(open=1 conv=0x19) T(open=1 conv=0x19) G(open=0 conv=0x00) comp="" tail=""
    +1500ms: A(open=1 conv=0x19) B(open=1 conv=0x19) T(open=1 conv=0x19) G(open=0 conv=0x00) comp="" tail=""
    差分 (前→+100ms): Δ open A:0→1 B:0→1 / conv A:0x09→0x19 B:0x09→0x19 / tsf-thread open:0→1 conv:0x09→0x19   (前→+400ms): Δ open A:0→1 B:0→1 / conv A:0x09→0x19 B:0x09→0x19 / tsf-thread open:0→1 conv:0x09→0x19   (前→+1500ms): Δ open A:0→1 B:0→1 / conv A:0x09→0x19 B:0x09→0x19 / tsf-thread open:0→1 conv:0x09→0x19
[18:00:01.705Z] KEY [準備/その他] VK_IME_OFF vk=0x1A scan=0x00 press=18:00:00.056Z (injected)  状態=直接入力
    前     : A(open=0 conv=0x09) B(open=0 conv=0x09) T(open=0 conv=0x09) G(open=0 conv=0x00) comp="" tail=""
    +100ms: A(open=1 conv=0x19) B(open=1 conv=0x19) T(open=1 conv=0x19) G(open=0 conv=0x00) comp="" tail=""
    +400ms: A(open=1 conv=0x19) B(open=1 conv=0x19) T(open=1 conv=0x19) G(open=0 conv=0x00) comp="" tail=""
    +1500ms: A(open=1 conv=0x19) B(open=1 conv=0x19) T(open=1 conv=0x19) G(open=0 conv=0x00) comp="" tail=""
    差分 (前→+100ms): Δ open A:0→1 B:0→1 / conv A:0x09→0x19 B:0x09→0x19 / tsf-thread open:0→1 conv:0x09→0x19   (前→+400ms): Δ open A:0→1 B:0→1 / conv A:0x09→0x19 B:0x09→0x19 / tsf-thread open:0→1 conv:0x09→0x19   (前→+1500ms): Δ open A:0→1 B:0→1 / conv A:0x09→0x19 B:0x09→0x19 / tsf-thread open:0→1 conv:0x09→0x19
[18:00:01.808Z] KEY [準備/その他] VK_IME_ON vk=0x16 scan=0x00 press=18:00:00.071Z (injected)  状態=IME ON・入力なし
    前     : A(open=1 conv=0x19) B(open=1 conv=0x19) T(open=1 conv=0x19) G(open=0 conv=0x00) comp="" tail=""
    +100ms: A(open=1 conv=0x19) B(open=1 conv=0x19) T(open=1 conv=0x19) G(open=0 conv=0x00) comp="" tail=""
    +400ms: A(open=1 conv=0x19) B(open=1 conv=0x19) T(open=1 conv=0x19) G(open=0 conv=0x00) comp="" tail=""
    +1500ms: A(open=1 conv=0x19) B(open=1 conv=0x19) T(open=1 conv=0x19) G(open=0 conv=0x00) comp="" tail=""
    差分 (前→+100ms): Δなし   (前→+400ms): Δなし   (前→+1500ms): Δなし
[18:00:04.120Z] KEY [SCRIPT 1/10 ひらがなキー 期待=ONのまま半角英数へ(conv 0x10)。Engine OFF(決定3保留のため遅延の可能性あり)] ひらがな(0xF2) vk=0xF2 scan=0x70 press=18:00:02.544Z (auto)  状態=IME ON・入力なし
    前     : A(open=1 conv=0x19) B(open=1 conv=0x19) T(open=1 conv=0x19) G(open=0 conv=0x00) comp="" tail=""
    +100ms: A(open=1 conv=0x10) B(open=1 conv=0x10) T(open=1 conv=0x10) G(open=0 conv=0x00) comp="" tail=""
    +400ms: A(open=1 conv=0x10) B(open=1 conv=0x10) T(open=1 conv=0x10) G(open=0 conv=0x00) comp="" tail=""
    +1500ms: A(open=1 conv=0x10) B(open=1 conv=0x10) T(open=1 conv=0x10) G(open=0 conv=0x00) comp="" tail=""
    差分 (前→+100ms): Δ conv A:0x19→0x10 B:0x19→0x10 / tsf-thread open:1→1 conv:0x19→0x10   (前→+400ms): Δ conv A:0x19→0x10 B:0x19→0x10 / tsf-thread open:1→1 conv:0x19→0x10   (前→+1500ms): Δ conv A:0x19→0x10 B:0x19→0x10 / tsf-thread open:1→1 conv:0x19→0x10
[18:00:05.252Z] KEY [準備/その他] ESC vk=0x1B scan=0x01 press=18:00:03.684Z (auto)  状態=IME ON・入力中
    前     : A(open=1 conv=0x10) B(open=1 conv=0x10) T(open=1 conv=0x10) G(open=0 conv=0x00) comp="k" tail="k"
    +100ms: A(open=1 conv=0x10) B(open=1 conv=0x10) T(open=1 conv=0x10) G(open=0 conv=0x00) comp="" tail=""
    +400ms: A(open=1 conv=0x10) B(open=1 conv=0x10) T(open=1 conv=0x10) G(open=0 conv=0x00) comp="" tail=""
    +1500ms: A(open=1 conv=0x10) B(open=1 conv=0x10) T(open=1 conv=0x10) G(open=0 conv=0x00) comp="" tail=""
    差分 (前→+100ms): Δ comp:Some("k")→Some("") / tail:"k"→""   (前→+400ms): Δ comp:Some("k")→Some("") / tail:"k"→""   (前→+1500ms): Δ comp:Some("k")→Some("") / tail:"k"→""
[18:00:07.310Z] KEY [SCRIPT 2/10 無変換 期待=IME OFF(直接入力)。Engine OFF] 無変換 vk=0x1D scan=0x7B press=18:00:05.692Z (auto)  状態=IME ON・入力なし
    前     : A(open=1 conv=0x10) B(open=1 conv=0x10) T(open=1 conv=0x10) G(open=0 conv=0x00) comp="" tail=""
    +100ms: A(open=0 conv=0x10) B(open=0 conv=0x10) T(open=0 conv=0x10) G(open=0 conv=0x00) comp="" tail=""
    +400ms: A(open=0 conv=0x10) B(open=0 conv=0x10) T(open=0 conv=0x10) G(open=0 conv=0x00) comp="" tail=""
    +1500ms: A(open=0 conv=0x10) B(open=0 conv=0x10) T(open=0 conv=0x10) G(open=0 conv=0x00) comp="" tail="k"
    差分 (前→+100ms): Δ open A:1→0 B:1→0 / tsf-thread open:1→0 conv:0x10→0x10   (前→+400ms): Δ open A:1→0 B:1→0 / tsf-thread open:1→0 conv:0x10→0x10   (前→+1500ms): Δ open A:1→0 B:1→0 / tsf-thread open:1→0 conv:0x10→0x10 / tail:""→"k"
[18:00:08.494Z] KEY [準備/その他] ESC vk=0x1B scan=0x01 press=18:00:06.872Z (auto)  状態=直接入力
    前     : A(open=0 conv=0x10) B(open=0 conv=0x10) T(open=0 conv=0x10) G(open=0 conv=0x00) comp="" tail="k"
    +100ms: A(open=0 conv=0x10) B(open=0 conv=0x10) T(open=0 conv=0x10) G(open=0 conv=0x00) comp="" tail="k"
    +400ms: A(open=0 conv=0x10) B(open=0 conv=0x10) T(open=0 conv=0x10) G(open=0 conv=0x00) comp="" tail="k"
    +1500ms: A(open=0 conv=0x10) B(open=0 conv=0x10) T(open=0 conv=0x10) G(open=0 conv=0x00) comp="" tail="k"
    差分 (前→+100ms): Δなし   (前→+400ms): Δなし   (前→+1500ms): Δなし
[18:00:10.448Z] KEY [SCRIPT 3/10 無変換 期待=IME ON・半角英数のまま(conv 0x10)。Engine は OFF のまま ← 決定2の核心] 無変換 vk=0x1D scan=0x7B press=18:00:08.824Z (auto)  状態=直接入力
    前     : A(open=0 conv=0x10) B(open=0 conv=0x10) T(open=0 conv=0x10) G(open=0 conv=0x00) comp="" tail="k"
    +100ms: A(open=1 conv=0x10) B(open=1 conv=0x10) T(open=1 conv=0x10) G(open=0 conv=0x00) comp="" tail="k"
    +400ms: A(open=1 conv=0x10) B(open=1 conv=0x10) T(open=1 conv=0x10) G(open=0 conv=0x00) comp="" tail="k"
    +1500ms: A(open=1 conv=0x10) B(open=1 conv=0x10) T(open=1 conv=0x10) G(open=0 conv=0x00) comp="" tail="k"
    差分 (前→+100ms): Δ open A:0→1 B:0→1 / tsf-thread open:0→1 conv:0x10→0x10   (前→+400ms): Δ open A:0→1 B:0→1 / tsf-thread open:0→1 conv:0x10→0x10   (前→+1500ms): Δ open A:0→1 B:0→1 / tsf-thread open:0→1 conv:0x10→0x10
[18:00:11.579Z] KEY [準備/その他] ESC vk=0x1B scan=0x01 press=18:00:09.958Z (auto)  状態=IME ON・入力中
    前     : A(open=1 conv=0x10) B(open=1 conv=0x10) T(open=1 conv=0x10) G(open=0 conv=0x00) comp="k" tail="kk"
    +100ms: A(open=1 conv=0x10) B(open=1 conv=0x10) T(open=1 conv=0x10) G(open=0 conv=0x00) comp="" tail="k"
    +400ms: A(open=1 conv=0x10) B(open=1 conv=0x10) T(open=1 conv=0x10) G(open=0 conv=0x00) comp="" tail="k"
    +1500ms: A(open=1 conv=0x10) B(open=1 conv=0x10) T(open=1 conv=0x10) G(open=0 conv=0x00) comp="" tail="k"
    差分 (前→+100ms): Δ comp:Some("k")→Some("") / tail:"kk"→"k"   (前→+400ms): Δ comp:Some("k")→Some("") / tail:"kk"→"k"   (前→+1500ms): Δ comp:Some("k")→Some("") / tail:"kk"→"k"
[18:00:13.583Z] KEY [SCRIPT 4/10 ひらがなキー 期待=かなに戻る(conv 0x19)。Engine ON(遅延の可能性あり)] ひらがな(0xF2) vk=0xF2 scan=0x70 press=18:00:12.013Z (auto)  状態=IME ON・入力なし
    前     : A(open=1 conv=0x10) B(open=1 conv=0x10) T(open=1 conv=0x10) G(open=0 conv=0x00) comp="" tail="k"
    +100ms: A(open=1 conv=0x19) B(open=1 conv=0x19) T(open=1 conv=0x19) G(open=0 conv=0x00) comp="" tail="k"
    +400ms: A(open=1 conv=0x19) B(open=1 conv=0x19) T(open=1 conv=0x19) G(open=0 conv=0x00) comp="" tail="k"
    +1500ms: A(open=1 conv=0x19) B(open=1 conv=0x19) T(open=1 conv=0x19) G(open=0 conv=0x00) comp="" tail="k"
    差分 (前→+100ms): Δ conv A:0x10→0x19 B:0x10→0x19 / tsf-thread open:1→1 conv:0x10→0x19   (前→+400ms): Δ conv A:0x10→0x19 B:0x10→0x19 / tsf-thread open:1→1 conv:0x10→0x19   (前→+1500ms): Δ conv A:0x10→0x19 B:0x10→0x19 / tsf-thread open:1→1 conv:0x10→0x19
[18:00:14.825Z] KEY [準備/その他] ESC vk=0x1B scan=0x01 press=18:00:13.209Z (auto)  状態=IME ON・入力中
    前     : A(open=1 conv=0x19) B(open=1 conv=0x19) T(open=1 conv=0x19) G(open=0 conv=0x00) comp="き" tail="kき"
    +100ms: A(open=1 conv=0x19) B(open=1 conv=0x19) T(open=1 conv=0x19) G(open=0 conv=0x00) comp="" tail="k"
    +400ms: A(open=1 conv=0x19) B(open=1 conv=0x19) T(open=1 conv=0x19) G(open=0 conv=0x00) comp="" tail="k"
    +1500ms: A(open=1 conv=0x19) B(open=1 conv=0x19) T(open=1 conv=0x19) G(open=0 conv=0x00) comp="" tail="k"
    差分 (前→+100ms): Δ comp:Some("き")→Some("") / tail:"kき"→"k"   (前→+400ms): Δ comp:Some("き")→Some("") / tail:"kき"→"k"   (前→+1500ms): Δ comp:Some("き")→Some("") / tail:"kき"→"k"
[18:00:16.828Z] KEY [SCRIPT 5/10 無変換 期待=IME OFF。Engine OFF] 無変換 vk=0x1D scan=0x7B press=18:00:15.201Z (auto)  状態=IME ON・入力なし
    前     : A(open=1 conv=0x19) B(open=1 conv=0x19) T(open=1 conv=0x19) G(open=0 conv=0x00) comp="" tail="k"
    +100ms: A(open=0 conv=0x19) B(open=0 conv=0x19) T(open=0 conv=0x19) G(open=0 conv=0x00) comp="" tail="k"
    +400ms: A(open=0 conv=0x19) B(open=0 conv=0x19) T(open=0 conv=0x19) G(open=0 conv=0x00) comp="" tail="k"
    +1500ms: A(open=0 conv=0x19) B(open=0 conv=0x19) T(open=0 conv=0x19) G(open=0 conv=0x00) comp="" tail="kk"
    差分 (前→+100ms): Δ open A:1→0 B:1→0 / tsf-thread open:1→0 conv:0x19→0x19   (前→+400ms): Δ open A:1→0 B:1→0 / tsf-thread open:1→0 conv:0x19→0x19   (前→+1500ms): Δ open A:1→0 B:1→0 / tsf-thread open:1→0 conv:0x19→0x19 / tail:"k"→"kk"
[18:00:18.014Z] KEY [準備/その他] ESC vk=0x1B scan=0x01 press=18:00:16.385Z (auto)  状態=直接入力
    前     : A(open=0 conv=0x19) B(open=0 conv=0x19) T(open=0 conv=0x19) G(open=0 conv=0x00) comp="" tail="kk"
    +100ms: A(open=0 conv=0x19) B(open=0 conv=0x19) T(open=0 conv=0x19) G(open=0 conv=0x00) comp="" tail="kk"
    +400ms: A(open=0 conv=0x19) B(open=0 conv=0x19) T(open=0 conv=0x19) G(open=0 conv=0x00) comp="" tail="kk"
    +1500ms: A(open=0 conv=0x19) B(open=0 conv=0x19) T(open=0 conv=0x19) G(open=0 conv=0x00) comp="" tail="kk"
    差分 (前→+100ms): Δなし   (前→+400ms): Δなし   (前→+1500ms): Δなし
[18:00:18.087Z] KEY [準備/その他] ESC vk=0x1B scan=0x00 press=18:00:16.454Z (injected)  状態=直接入力
    前     : A(open=0 conv=0x19) B(open=0 conv=0x19) T(open=0 conv=0x19) G(open=0 conv=0x00) comp="" tail="kk"
    +100ms: A(open=0 conv=0x19) B(open=0 conv=0x19) T(open=0 conv=0x19) G(open=0 conv=0x00) comp="" tail="kk"
    +400ms: A(open=0 conv=0x19) B(open=0 conv=0x19) T(open=0 conv=0x19) G(open=0 conv=0x00) comp="" tail="kk"
    +1500ms: A(open=0 conv=0x19) B(open=0 conv=0x19) T(open=0 conv=0x19) G(open=0 conv=0x00) comp="" tail="kk"
    差分 (前→+100ms): Δなし   (前→+400ms): Δなし   (前→+1500ms): Δなし
[18:00:19.894Z] KEY [SCRIPT 6/10 無変換 期待=IME ON(かな)。Engine ON] 無変換 vk=0x1D scan=0x7B press=18:00:18.328Z (auto)  状態=直接入力
    前     : A(open=0 conv=0x19) B(open=0 conv=0x19) T(open=0 conv=0x19) G(open=0 conv=0x00) comp="" tail="kk"
    +100ms: A(open=1 conv=0x19) B(open=1 conv=0x19) T(open=1 conv=0x19) G(open=0 conv=0x00) comp="" tail="kk"
    +400ms: A(open=1 conv=0x19) B(open=1 conv=0x19) T(open=1 conv=0x19) G(open=0 conv=0x00) comp="" tail="kk"
    +1500ms: A(open=1 conv=0x19) B(open=1 conv=0x19) T(open=1 conv=0x19) G(open=0 conv=0x00) comp="" tail="kk"
    差分 (前→+100ms): Δ open A:0→1 B:0→1 / tsf-thread open:0→1 conv:0x19→0x19   (前→+400ms): Δ open A:0→1 B:0→1 / tsf-thread open:0→1 conv:0x19→0x19   (前→+1500ms): Δ open A:0→1 B:0→1 / tsf-thread open:0→1 conv:0x19→0x19
[18:00:21.139Z] KEY [準備/その他] ESC vk=0x1B scan=0x01 press=18:00:19.517Z (auto)  状態=IME ON・入力中
    前     : A(open=1 conv=0x19) B(open=1 conv=0x19) T(open=1 conv=0x19) G(open=0 conv=0x00) comp="き" tail="kkき"
    +100ms: A(open=1 conv=0x19) B(open=1 conv=0x19) T(open=1 conv=0x19) G(open=0 conv=0x00) comp="" tail="kk"
    +400ms: A(open=1 conv=0x19) B(open=1 conv=0x19) T(open=1 conv=0x19) G(open=0 conv=0x00) comp="" tail="kk"
    +1500ms: A(open=1 conv=0x19) B(open=1 conv=0x19) T(open=1 conv=0x19) G(open=0 conv=0x00) comp="" tail="kk"
    差分 (前→+100ms): Δ comp:Some("き")→Some("") / tail:"kkき"→"kk"   (前→+400ms): Δ comp:Some("き")→Some("") / tail:"kkき"→"kk"   (前→+1500ms): Δ comp:Some("き")→Some("") / tail:"kkき"→"kk"
[18:00:23.071Z] KEY [SCRIPT 7/10 ひらがなキー 期待=ONのまま半角英数へ。Engine は(遅延で)OFF] ひらがな(0xF2) vk=0xF2 scan=0x70 press=18:00:21.452Z (auto)  状態=IME ON・入力なし
    前     : A(open=1 conv=0x19) B(open=1 conv=0x19) T(open=1 conv=0x19) G(open=0 conv=0x00) comp="" tail="kk"
    +100ms: A(open=1 conv=0x10) B(open=1 conv=0x10) T(open=1 conv=0x10) G(open=0 conv=0x00) comp="" tail="kk"
    +400ms: A(open=1 conv=0x10) B(open=1 conv=0x10) T(open=1 conv=0x10) G(open=0 conv=0x00) comp="" tail="kk"
    +1500ms: A(open=1 conv=0x10) B(open=1 conv=0x10) T(open=1 conv=0x10) G(open=0 conv=0x00) comp="" tail="kk"
    差分 (前→+100ms): Δ conv A:0x19→0x10 B:0x19→0x10 / tsf-thread open:1→1 conv:0x19→0x10   (前→+400ms): Δ conv A:0x19→0x10 B:0x19→0x10 / tsf-thread open:1→1 conv:0x19→0x10   (前→+1500ms): Δ conv A:0x19→0x10 B:0x19→0x10 / tsf-thread open:1→1 conv:0x19→0x10
[18:00:24.207Z] KEY [準備/その他] ESC vk=0x1B scan=0x01 press=18:00:22.636Z (auto)  状態=IME ON・入力中
    前     : A(open=1 conv=0x10) B(open=1 conv=0x10) T(open=1 conv=0x10) G(open=0 conv=0x00) comp="k" tail="kkk"
    +100ms: A(open=1 conv=0x10) B(open=1 conv=0x10) T(open=1 conv=0x10) G(open=0 conv=0x00) comp="" tail="kk"
    +400ms: A(open=1 conv=0x10) B(open=1 conv=0x10) T(open=1 conv=0x10) G(open=0 conv=0x00) comp="" tail="kk"
    +1500ms: A(open=1 conv=0x10) B(open=1 conv=0x10) T(open=1 conv=0x10) G(open=0 conv=0x00) comp="" tail="kk"
    差分 (前→+100ms): Δ comp:Some("k")→Some("") / tail:"kkk"→"kk"   (前→+400ms): Δ comp:Some("k")→Some("") / tail:"kkk"→"kk"   (前→+1500ms): Δ comp:Some("k")→Some("") / tail:"kkk"→"kk"
[18:00:26.209Z] KEY [SCRIPT 8/10 無変換 期待=IME OFF。Engine OFF] 無変換 vk=0x1D scan=0x7B press=18:00:24.636Z (auto)  状態=IME ON・入力なし
    前     : A(open=1 conv=0x10) B(open=1 conv=0x10) T(open=1 conv=0x10) G(open=0 conv=0x00) comp="" tail="kk"
    +100ms: A(open=0 conv=0x10) B(open=0 conv=0x10) T(open=0 conv=0x10) G(open=0 conv=0x00) comp="" tail="kk"
    +400ms: A(open=0 conv=0x10) B(open=0 conv=0x10) T(open=0 conv=0x10) G(open=0 conv=0x00) comp="" tail="kk"
    +1500ms: A(open=? conv=?) B(open=0 conv=0x00) T(open=0 conv=0x10) G(open=0 conv=0x00) comp="?" tail="\"→\"kk\"\r\n"
    差分 (前→+100ms): Δ open A:1→0 B:1→0 / tsf-thread open:1→0 conv:0x10→0x10   (前→+400ms): Δ open A:1→0 B:1→0 / tsf-thread open:1→0 conv:0x10→0x10   (前→+1500ms): Δ open A:1→? B:1→0 / conv A:0x10→? B:0x10→0x00 / tsf-thread open:1→0 conv:0x10→0x10 / comp:Some("")→None / tail:"kk"→"\"→\"kk\"\r\n"
[18:00:27.453Z] KEY [準備/その他] ESC vk=0x1B scan=0x01 press=18:00:25.836Z (auto)  状態=直接入力
    前     : A(open=0 conv=0x10) B(open=0 conv=0x10) T(open=0 conv=0x10) G(open=0 conv=0x00) comp="" tail="kkk"
    +100ms: A(open=? conv=?) B(open=0 conv=0x00) T(open=0 conv=0x10) G(open=0 conv=0x00) comp="?" tail="\"→\"kk\"\r\n"
    +400ms: A(open=? conv=?) B(open=0 conv=0x00) T(open=0 conv=0x10) G(open=0 conv=0x00) comp="?" tail="\"\\r\\n\"\r\n"
    +1500ms: A(open=? conv=?) B(open=0 conv=0x00) T(open=0 conv=0x10) G(open=0 conv=0x00) comp="?" tail="\"\\r\\n\"\r\n"
    差分 (前→+100ms): Δ open A:0→? B:0→0 / conv A:0x10→? B:0x10→0x00 / comp:Some("")→None / tail:"kkk"→"\"→\"kk\"\r\n"   (前→+400ms): Δ open A:0→? B:0→0 / conv A:0x10→? B:0x10→0x00 / comp:Some("")→None / tail:"kkk"→"\"\\r\\n\"\r\n"   (前→+1500ms): Δ open A:0→? B:0→0 / conv A:0x10→? B:0x10→0x00 / comp:Some("")→None / tail:"kkk"→"\"\\r\\n\"\r\n"
[18:00:29.449Z] KEY [SCRIPT 9/10 無変換 期待=IME ON・半角英数のまま。Engine が ON にならないこと ← 退行窓の確認] 無変換 vk=0x1D scan=0x7B press=18:00:27.826Z (auto)  状態=直接入力
    前     : A(open=? conv=?) B(open=0 conv=0x00) T(open=0 conv=0x10) G(open=0 conv=0x00) comp="?" tail="\"\\r\\n\"\r\n"
    +100ms: A(open=? conv=?) B(open=0 conv=0x00) T(open=0 conv=0x10) G(open=0 conv=0x00) comp="?" tail="\"\\r\\n\"\r\n"
    +400ms: A(open=? conv=?) B(open=0 conv=0x00) T(open=0 conv=0x10) G(open=0 conv=0x00) comp="?" tail="\"\\r\\n\"\r\n"
    +1500ms: A(open=? conv=?) B(open=0 conv=0x00) T(open=0 conv=0x10) G(open=0 conv=0x00) comp="?" tail="\"\\r\\n\"\r\n"
    差分 (前→+100ms): Δなし   (前→+400ms): Δなし   (前→+1500ms): Δなし
[18:00:30.587Z] KEY [準備/その他] ESC vk=0x1B scan=0x01 press=18:00:29.012Z (auto)  状態=直接入力
    前     : A(open=? conv=?) B(open=0 conv=0x00) T(open=0 conv=0x10) G(open=0 conv=0x00) comp="?" tail="\"\\r\\n\"\r\n"
    +100ms: A(open=? conv=?) B(open=0 conv=0x00) T(open=0 conv=0x10) G(open=0 conv=0x00) comp="?" tail="\"\\r\\n\"\r\n"
    +400ms: A(open=? conv=?) B(open=0 conv=0x00) T(open=0 conv=0x10) G(open=0 conv=0x00) comp="?" tail="): Δなし\r\n"
    +1500ms: A(open=? conv=?) B(open=0 conv=0x00) T(open=0 conv=0x10) G(open=0 conv=0x00) comp="?" tail="): Δなし\r\n"
    差分 (前→+100ms): Δなし   (前→+400ms): Δ tail:"\"\\r\\n\"\r\n"→"): Δなし\r\n"   (前→+1500ms): Δ tail:"\"\\r\\n\"\r\n"→"): Δなし\r\n"
[AUTO] 準備 STEP 10: 現在=直接入力 必要=IME ON・半角英数・入力なし → VK 0x1C を注入
[18:00:32.535Z] KEY [準備/その他] 変換 vk=0x1C scan=0x79 press=18:00:30.977Z (auto)  状態=直接入力
    前     : A(open=? conv=?) B(open=0 conv=0x00) T(open=0 conv=0x10) G(open=0 conv=0x00) comp="?" tail="1C を注入\r\n"
    +100ms: A(open=? conv=?) B(open=0 conv=0x00) T(open=0 conv=0x10) G(open=0 conv=0x00) comp="?" tail="1C を注入\r\n"
    +400ms: A(open=? conv=?) B(open=0 conv=0x00) T(open=0 conv=0x10) G(open=0 conv=0x00) comp="?" tail="1C を注入\r\n"
    +1500ms: A(open=? conv=?) B(open=0 conv=0x00) T(open=0 conv=0x10) G(open=0 conv=0x00) comp="?" tail="1C を注入\r\n"
    差分 (前→+100ms): Δなし   (前→+400ms): Δなし   (前→+1500ms): Δなし
[AUTO] 準備 STEP 10: 現在=直接入力 必要=IME ON・半角英数・入力なし → VK 0x1C を注入
[18:00:35.160Z] KEY [準備/その他] 変換 vk=0x1C scan=0x79 press=18:00:33.535Z (auto)  状態=直接入力
    前     : A(open=? conv=?) B(open=0 conv=0x00) T(open=0 conv=0x10) G(open=0 conv=0x00) comp="?" tail="1C を注入\r\n"
    +100ms: A(open=? conv=?) B(open=0 conv=0x00) T(open=0 conv=0x10) G(open=0 conv=0x00) comp="?" tail="1C を注入\r\n"
    +400ms: A(open=? conv=?) B(open=0 conv=0x00) T(open=0 conv=0x10) G(open=0 conv=0x00) comp="?" tail="1C を注入\r\n"
    +1500ms: A(open=? conv=?) B(open=0 conv=0x00) T(open=0 conv=0x10) G(open=0 conv=0x00) comp="?" tail="1C を注入\r\n"
    差分 (前→+100ms): Δなし   (前→+400ms): Δなし   (前→+1500ms): Δなし
[AUTO] 準備 STEP 10: 現在=直接入力 必要=IME ON・半角英数・入力なし → VK 0x1C を注入
[18:00:37.603Z] KEY [準備/その他] 変換 vk=0x1C scan=0x79 press=18:00:36.036Z (auto)  状態=直接入力
    前     : A(open=? conv=?) B(open=0 conv=0x00) T(open=0 conv=0x10) G(open=0 conv=0x00) comp="?" tail="1C を注入\r\n"
    +100ms: A(open=? conv=?) B(open=0 conv=0x00) T(open=0 conv=0x10) G(open=0 conv=0x00) comp="?" tail="1C を注入\r\n"
    +400ms: A(open=? conv=?) B(open=0 conv=0x00) T(open=0 conv=0x10) G(open=0 conv=0x00) comp="?" tail="1C を注入\r\n"
    +1500ms: A(open=? conv=?) B(open=0 conv=0x00) T(open=0 conv=0x10) G(open=0 conv=0x00) comp="?" tail="1C を注入\r\n"
    差分 (前→+100ms): Δなし   (前→+400ms): Δなし   (前→+1500ms): Δなし
[AUTO] 準備 STEP 10: 現在=直接入力 必要=IME ON・半角英数・入力なし → VK 0x1C を注入
[18:00:40.167Z] KEY [準備/その他] 変換 vk=0x1C scan=0x79 press=18:00:38.524Z (auto)  状態=直接入力
    前     : A(open=? conv=?) B(open=0 conv=0x00) T(open=0 conv=0x10) G(open=0 conv=0x00) comp="?" tail="1C を注入\r\n"
    +100ms: A(open=? conv=?) B(open=0 conv=0x00) T(open=0 conv=0x10) G(open=0 conv=0x00) comp="?" tail="1C を注入\r\n"
    +400ms: A(open=? conv=?) B(open=0 conv=0x00) T(open=0 conv=0x10) G(open=0 conv=0x00) comp="?" tail="1C を注入\r\n"
    +1500ms: A(open=? conv=?) B(open=0 conv=0x00) T(open=0 conv=0x10) G(open=0 conv=0x00) comp="?" tail="1C を注入\r\n"
    差分 (前→+100ms): Δなし   (前→+400ms): Δなし   (前→+1500ms): Δなし
[AUTO] 準備 STEP 10: 現在=直接入力 必要=IME ON・半角英数・入力なし → VK 0x1C を注入
[18:00:42.661Z] KEY [準備/その他] 変換 vk=0x1C scan=0x79 press=18:00:41.039Z (auto)  状態=直接入力
    前     : A(open=? conv=?) B(open=0 conv=0x00) T(open=0 conv=0x10) G(open=0 conv=0x00) comp="?" tail="1C を注入\r\n"
    +100ms: A(open=? conv=?) B(open=0 conv=0x00) T(open=0 conv=0x10) G(open=0 conv=0x00) comp="?" tail="1C を注入\r\n"
    +400ms: A(open=? conv=?) B(open=0 conv=0x00) T(open=0 conv=0x10) G(open=0 conv=0x00) comp="?" tail="1C を注入\r\n"
    +1500ms: A(open=? conv=?) B(open=0 conv=0x00) T(open=0 conv=0x10) G(open=0 conv=0x00) comp="?" tail="1C を注入\r\n"
    差分 (前→+100ms): Δなし   (前→+400ms): Δなし   (前→+1500ms): Δなし
script error: Output type incorrect: bool (expecting ())
