2026-09-19T23:59:51.174477Z DEBUG awase_windows::shadow_send_trace: [shadow-send] channel=ImeControl cmd=0x0006 lparam=0 issue_us=199740408
2026-09-19T23:59:51.174514Z DEBUG awase_windows::ime: set_ime_open_for_target: hwnd=HWND(0xbc1812) ime_wnd=HWND(0x1180d06) open=false success=true send_elapsed=25ms candidate_visible=false
2026-09-19T23:59:51.175055Z DEBUG run_open_chain_async:imm_cross_write{open=false}: awase_windows::ime: [imm-cross-actuate] hwnd=HWND(0xbc1812) open=Written conv=None
2026-09-19T23:59:51.175148Z DEBUG run_open_chain_async: awase::journal: actuation decision seq=524 elapsed_ms=199756 site="DispatchImeSetOpen" caller="None" open=false chain_len=4 attempts_len=1 gate_profile="Standard" gate_kind="Gji" gate_shadow_known=true gate_shadow_on=true gate_input_mode="Obser
2026-09-19T23:59:51.176786Z DEBUG on_ime_apply_complete{open=false outcome=AppliedWithoutSendInput generation=None reason=EngineDecision}: awase::journal: ime open applied seq=525 elapsed_ms=199757 open=false outcome="AppliedWithoutSendInput" reason="EngineDecision"
2026-09-19T23:59:51.176872Z DEBUG on_ime_apply_complete{open=false outcome=AppliedWithoutSendInput generation=None reason=EngineDecision}: awase_windows::tsf::ime_mode_fsm: [ime-mode] SetOpen(false) applied → Off (belief, unconfirmed)
2026-09-19T23:59:51.176897Z DEBUG on_ime_apply_complete{open=false outcome=AppliedWithoutSendInput generation=None reason=EngineDecision}: awase_windows::platform: [composition] ImeEffect::SetOpen(false) → marking cold (prevent warm+TSF Enter leak)
2026-09-19T23:59:51.176918Z DEBUG on_ime_apply_complete{open=false outcome=AppliedWithoutSendInput generation=None reason=EngineDecision}: awase_windows::tsf::probe: [composition] marked cold reason=SetOpenFalse idle=30547ms → next VK/TSF output will send VK_DBE_HIRAGANA warmup
2026-09-19T23:59:51.177073Z DEBUG awase::journal: gji fsm transition seq=526 elapsed_ms=199758 trigger="ImeOff" state_before="OnWarm" state_after="OffCold"
2026-09-19T23:59:51.210885Z DEBUG awase_windows::state::observation_store: [identity-gate] hwnd不一致で除外: source=ImmCrossProbe obs_hwnd=HwndId(11601138) current_hwnd=HwndId(12326930) confidence=High
2026-09-19T23:59:51.210897Z DEBUG awase_windows::state::observation_store: [identity-gate] hwnd不一致で除外: source=ImmCrossProbe obs_hwnd=HwndId(11601138) current_hwnd=HwndId(12326930) confidence=High
2026-09-19T23:59:51.210916Z DEBUG awase_windows::state::observation_store: [identity-gate] hwnd不一致で除外: source=ImmCrossProbe obs_hwnd=HwndId(11601138) current_hwnd=HwndId(12326930) confidence=High
2026-09-19T23:59:51.210923Z DEBUG awase_windows::state::observation_store: [identity-gate] hwnd不一致で除外: source=ImmCrossProbe obs_hwnd=HwndId(11601138) current_hwnd=HwndId(12326930) confidence=High
2026-09-19T23:59:51.210937Z DEBUG awase_windows::observer::ime_observer: IME snapshot: japanese=Some(true) ime_on=Some(false) romaji=None conv=Some("0x00000009") guard=false
2026-09-19T23:59:51.210976Z DEBUG awase::journal: ime event seq=527 elapsed_ms=199792 event_kind="ObserverReported"
2026-09-19T23:59:51.210986Z DEBUG awase_windows::state::observation_store: [identity-gate] hwnd不一致で除外: source=ImmCrossProbe obs_hwnd=HwndId(11601138) current_hwnd=HwndId(12326930) confidence=High
2026-09-19T23:59:51.210993Z DEBUG awase_windows::state::observation_store: [identity-gate] hwnd不一致で除外: source=ImmCrossProbe obs_hwnd=HwndId(11601138) current_hwnd=HwndId(12326930) confidence=High
2026-09-19T23:59:51.211012Z DEBUG awase_windows::state::observation_store: [identity-gate] hwnd不一致で除外: source=ImmCrossProbe obs_hwnd=HwndId(11601138) current_hwnd=HwndId(12326930) confidence=High
2026-09-19T23:59:51.211019Z DEBUG awase_windows::state::observation_store: [identity-gate] hwnd不一致で除外: source=ImmCrossProbe obs_hwnd=HwndId(11601138) current_hwnd=HwndId(12326930) confidence=High
2026-09-19T23:59:51.423996Z DEBUG awase_windows::runtime::message_handlers: [drain] vk=0x1C KeyDown
2026-09-19T23:59:51.424011Z DEBUG awase_windows::runtime::message_handlers: [output-drain] replay vk=0x1C KeyDown event_ts=200014633us now=200014925us delta=0ms
2026-09-19T23:59:51.424044Z DEBUG awase_windows::state::observation_store: [identity-gate] hwnd不一致で除外: source=ImmCrossProbe obs_hwnd=HwndId(11601138) current_hwnd=HwndId(12326930) confidence=High
2026-09-19T23:59:51.424066Z DEBUG awase_windows::state::observation_store: [identity-gate] hwnd不一致で除外: source=ImmCrossProbe obs_hwnd=HwndId(11601138) current_hwnd=HwndId(12326930) confidence=High
2026-09-19T23:59:51.424140Z DEBUG awase_windows::state::observation_store: [identity-gate] hwnd不一致で除外: source=ImmCrossProbe obs_hwnd=HwndId(11601138) current_hwnd=HwndId(12326930) confidence=High
2026-09-19T23:59:51.424159Z DEBUG awase_windows::state::observation_store: [identity-gate] hwnd不一致で除外: source=ImmCrossProbe obs_hwnd=HwndId(11601138) current_hwnd=HwndId(12326930) confidence=High
2026-09-19T23:59:51.424180Z  INFO awase_windows::runtime::key_pipeline: [shadow-toggle] intent 昇格: vk=0x1C scan=0x79 action=Toggle kind=PhysicalImeKey injected=false false→true w_ops0=111951 x_ops0=248079 x_KB0=23.7
2026-09-19T23:59:51.424221Z DEBUG awase::journal: ime event seq=528 elapsed_ms=200005 event_kind="UserImeSetIntent"
2026-09-19T23:59:51.424479Z DEBUG awase_windows::runtime::key_pipeline: Shadow IME toggle: OFF → ON (vk=0x1C, source=PhysicalImeKey)
2026-09-19T23:59:51.424512Z DEBUG awase_windows::runtime::key_pipeline: [engine-input] vk=0x1C KeyDown ts=200014633us delay=0ms state=Idle mods(c=false s=false a=false w=false) gas_ctrl=false phys_ctrl=false extra=0x5350494B pending_drain=0 gate_active=false l_thumb=None r_thumb=Some(200014626) [dia
2026-09-19T23:59:51.424546Z  INFO awase::engine::engine: Engine activated (ime=true, romaji=true, japanese=true, user=true, reason=Active)
2026-09-19T23:59:51.424646Z DEBUG awase::journal: key input seq=529 elapsed_ms=200005 vk_code=28 is_down=true injected=false key_class="RightThumb" state_before="Idle" state_after="PendingThumb(vk=0x1C,left=false)" decision="Consume" physical="Allow" repeat_count=1 last_timestamp_us=200014633 last_e
2026-09-19T23:59:51.424726Z DEBUG awase::journal: ime event seq=530 elapsed_ms=200005 event_kind="EngineActivationSync"
2026-09-19T23:59:51.424770Z DEBUG awase::journal: ime event seq=531 elapsed_ms=200005 event_kind="ImeApplyRequested"
2026-09-19T23:59:51.424788Z  INFO awase_windows::runtime::key_pipeline: IME control: preconditions.ime_on = true (SetOpenRequest, origin=ActivationSync), was_open_before=true last_intent_before=Some(true) poll suspended
2026-09-19T23:59:51.425202Z DEBUG execute_one{generation=Some(ApplyGeneration(13))}:dispatch_ime_set_open{open=true generation=Some(ApplyGeneration(13))}: awase_windows::runtime::executor: [dispatch-ime] ImmCross async: optimistic applied_snapshot=true (suppress send_engine_state_ime_key)
2026-09-19T23:59:51.427162Z DEBUG execute_one{generation=Some(ApplyGeneration(13))}: awase_windows::platform: [engine-state-key] skipped (apply_ime_open aligned ime=true, profile=Standard)
2026-09-19T23:59:51.427300Z DEBUG awase::journal: ime event seq=532 elapsed_ms=200008 event_kind="ObserverReported"
2026-09-19T23:59:51.427328Z  INFO awase_windows::runtime::key_pipeline: FocusProbe +0ms: ime_on=true mode=ObservedRomaji [ime=GoogleJapaneseInput sig1=false gji_io=5172ms sig2=false]
2026-09-19T23:59:51.428723Z DEBUG run_open_chain_async: awase_windows::ime_controller: [warrant-shadow] chain=async open=true origin=EventOrigin { source: SelfActuated { strategy: "engine_decision_async" }, epoch: Generation(0) } warranted
2026-09-19T23:59:51.428760Z  INFO run_open_chain_async:imm_cross_write{open=true}: awase_windows::runtime::open_chain: [apply-ime] ImmCross async: open=true composition_active=false show_seq=0 change_seq=0 (issue #138診断)
2026-09-19T23:59:51.430129Z DEBUG awase::journal: ime event seq=533 elapsed_ms=200011 event_kind="ObserverReported"
2026-09-19T23:59:51.430142Z DEBUG awase_windows::runtime::key_pipeline: [ImmCrossProbe] child-hwnd IME=false → High confidence 観測記録
2026-09-19T23:59:51.430159Z DEBUG awase_windows::observer::ime_observer: IME snapshot: japanese=Some(true) ime_on=Some(false) romaji=None conv=Some("0x00000009") guard=false
2026-09-19T23:59:51.432681Z DEBUG awase_windows::shadow_send_trace: [shadow-send] channel=ImeControl cmd=0x0006 lparam=1 issue_us=200022189
2026-09-19T23:59:51.432696Z DEBUG awase_windows::ime: set_ime_open_for_target: hwnd=HWND(0xbc1812) ime_wnd=HWND(0x1180d06) open=true success=true send_elapsed=1ms candidate_visible=false
2026-09-19T23:59:51.433657Z DEBUG awase_windows::shadow_send_trace: [shadow-send] channel=ImeControl cmd=0x0002 lparam=25 issue_us=200023862
2026-09-19T23:59:51.433708Z DEBUG awase_windows::ime: [imm-romaji] conv 0x00000009 → 0x00000019 success=true target=None
2026-09-19T23:59:51.434054Z DEBUG run_open_chain_async:imm_cross_write{open=true}: awase_windows::ime: [imm-cross-actuate] hwnd=HWND(0xbc1812) open=Written conv=Some(Written)
2026-09-19T23:59:51.434104Z DEBUG run_open_chain_async:imm_cross_write{open=true}: awase_windows::runtime::open_chain: [apply-ime] ROMAN 補完結果: Written
2026-09-19T23:59:51.434161Z DEBUG run_open_chain_async: awase::journal: actuation decision seq=534 elapsed_ms=200015 site="DispatchImeSetOpen" caller="None" open=true chain_len=4 attempts_len=1 gate_profile="Standard" gate_kind="Gji" gate_shadow_known=true gate_shadow_on=false gate_input_mode="Obser
2026-09-19T23:59:51.434682Z DEBUG on_ime_apply_complete{open=true outcome=AppliedWithoutSendInput generation=Some(ApplyGeneration(13)) reason=EngineDecision}: awase::journal: ime open applied seq=535 elapsed_ms=200015 open=true outcome="AppliedWithoutSendInput" reason="EngineDecision"
2026-09-19T23:59:51.435622Z DEBUG on_ime_apply_complete{open=true outcome=AppliedWithoutSendInput generation=Some(ApplyGeneration(13)) reason=EngineDecision}: awase::journal: ime event seq=536 elapsed_ms=200016 event_kind="ImeApplySucceeded"
2026-09-19T23:59:51.435663Z DEBUG on_ime_apply_complete{open=true outcome=AppliedWithoutSendInput generation=Some(ApplyGeneration(13)) reason=EngineDecision}: awase_windows::tsf::ime_mode_fsm: [ime-mode] SetOpen(true) applied → Hiragana (belief, unconfirmed)
2026-09-19T23:59:51.435689Z DEBUG on_ime_apply_complete{open=true outcome=AppliedWithoutSendInput generation=Some(ApplyGeneration(13)) reason=EngineDecision}: awase_windows::platform: [composition] ImeEffect::SetOpen(true) → marking cold
2026-09-19T23:59:51.435900Z DEBUG on_ime_apply_complete{open=true outcome=AppliedWithoutSendInput generation=Some(ApplyGeneration(13)) reason=EngineDecision}: awase_windows::tsf::probe: [composition] marked cold reason=SetOpenTrue idle=30813ms → next VK/TSF output will send VK_DBE_HIRAGANA warmup
2026-09-19T23:59:51.435964Z DEBUG on_ime_apply_complete{open=true outcome=AppliedWithoutSendInput generation=Some(ApplyGeneration(13)) reason=EngineDecision}:gji_on_event{event=ImeOn { injection_mode: Unicode, gji_idle_ms: 5188 }}: awase_windows::tsf::gji_fsm: [gji-fsm] ImeOn gji_idle=5188ms → Short
2026-09-19T23:59:51.436015Z DEBUG on_ime_apply_complete{open=true outcome=AppliedWithoutSendInput generation=Some(ApplyGeneration(13)) reason=EngineDecision}: awase_windows::platform: [gji-fsm] StartProbe probe_id=ProbeId(11) forces_f2=false long=false
2026-09-19T23:59:51.438925Z DEBUG awase::journal: gji fsm transition seq=537 elapsed_ms=200017 trigger="ImeOn(gji_idle_ms=5188)" state_before="OffCold" state_after="OnCold(Short)"
2026-09-19T23:59:51.438940Z DEBUG awase::journal: tsf probe started seq=538 elapsed_ms=200017 source="GjiAction::StartProbe" cold_seq=0 probe_id=11 probe_id_present=true gji_state="OnCold(Short)" consecutive_at_start=0 pending_deferred_len=0
2026-09-19T23:59:51.438949Z DEBUG awase::journal: gji fsm transition seq=539 elapsed_ms=200017 trigger="WarmupComplete(unicode)" state_before="OnCold(Short)" state_after="OnWarm"
2026-09-19T23:59:51.438956Z DEBUG awase::journal: tsf probe completed seq=540 elapsed_ms=200017 outcome="UnicodeImmediate" cold_seq=18446744073709551615 cold_seq_present=false probe_id=11 probe_id_present=true duration_ms=0 tick_count=0 gji_state="OnWarm"
2026-09-19T23:59:51.476698Z DEBUG awase_windows::observer::ime_observer: IME snapshot: japanese=Some(true) ime_on=Some(true) romaji=Some(true) conv=Some("0x00000019") guard=false
2026-09-19T23:59:51.476784Z DEBUG awase::journal: ime event seq=541 elapsed_ms=200057 event_kind="ObserverReported"
2026-09-19T23:59:51.476818Z DEBUG awase::journal: ime event seq=542 elapsed_ms=200057 event_kind="InputModeObserved"
2026-09-19T23:59:51.549541Z DEBUG awase_windows::runtime::key_pipeline: [engine-input] vk=0x1C KeyUp ts=200140294us delay=0ms state=PendingThumb(vk=0x1C,left=false) mods(c=false s=false a=false w=false) gas_ctrl=false phys_ctrl=false extra=0x5350494B pending_drain=0 gate_active=false l_thumb=None r_
2026-09-19T23:59:51.549611Z DEBUG awase::journal: key input seq=544 elapsed_ms=200130 vk_code=28 is_down=false injected=false key_class="RightThumb" state_before="PendingThumb(vk=0x1C,left=false)" state_after="Idle" decision="Consume" physical="Allow" repeat_count=1 last_timestamp_us=200140294 last_
2026-09-19T23:59:53.978192Z DEBUG awase_windows::hook: [hook] IME-mode vk=0xF2 down self_injected=false injected=false scan=0x70 extra=0x5350494B since_actuation_us=Some(7748771)
2026-09-19T23:59:53.978311Z DEBUG awase::journal: hook ime-mode diagnostic seq=545 elapsed_ms=202559 vk_code=242 is_down=true self_injected=false injected=false scan=112
2026-09-19T23:59:53.978462Z  INFO awase_windows::runtime::key_pipeline: [shadow-toggle] intent 昇格: vk=0xF2 scan=0x70 action=TurnOn kind=PhysicalImeKey injected=false true→true w_ops0=111951 x_ops0=248079 x_KB0=23.7
2026-09-19T23:59:53.978484Z DEBUG awase::journal: ime event seq=546 elapsed_ms=202559 event_kind="UserImeSetIntent"
2026-09-19T23:59:53.978497Z DEBUG awase_windows::runtime::key_pipeline: [shadow-toggle] no-op: vk=0xF2 action=TurnOn source=PhysicalImeKey effective_open は既に true → apply-ime 見送り
2026-09-19T23:59:53.978512Z DEBUG awase_windows::runtime::key_pipeline: [engine-input] vk=0xF2 KeyDown ts=202569202us delay=0ms state=Idle mods(c=false s=false a=false w=false) gas_ctrl=false phys_ctrl=false extra=0x5350494B pending_drain=0 gate_active=false l_thumb=None r_thumb=None [diag-ctx] ime_
2026-09-19T23:59:53.978557Z DEBUG awase::journal: key input seq=547 elapsed_ms=202559 vk_code=242 is_down=true injected=false key_class="Passthrough" state_before="Idle" state_after="Idle" decision="PassThrough" physical="Allow" repeat_count=1 last_timestamp_us=202569202 last_elapsed_ms=0
2026-09-19T23:59:53.978583Z DEBUG awase_windows::runtime::key_pipeline: may_change_ime key passed through → IME refresh scheduled (20ms)
2026-09-19T23:59:53.978619Z DEBUG execute_from_hook: awase_windows::runtime::executor: [relay-passthrough] PassThrough idle: direct OS pass-through (vk=0xf2 down)
2026-09-19T23:59:53.978652Z DEBUG execute_one{generation=None}: awase_windows::runtime::executor: [reinject] vk=0xf2 down (queued passthrough now firing)
2026-09-19T23:59:53.982117Z DEBUG awase_windows::hook: [hook] IME-mode vk=0xF2 down self_injected=true injected=true scan=0x0 extra=0x4B45594D since_actuation_us=Some(7752710)
2026-09-19T23:59:53.983771Z DEBUG awase::journal: hook ime-mode diagnostic seq=548 elapsed_ms=202564 vk_code=242 is_down=true self_injected=true injected=true scan=0
2026-09-19T23:59:53.991512Z DEBUG awase_windows::tsf::gji_monitor: [gji-io] WRITE: w_ops=+5 w_KB=+0.1 (r_ops=+10 x_ops=+10 x_KB=+0.0)
2026-09-19T23:59:54.011585Z DEBUG awase_windows::runtime::ime_refresh: Explicit intent: bypassing typing-idle guard for IME verify (idle=31ms)
2026-09-19T23:59:54.011634Z DEBUG awase_windows::observer::ime_observer: IME snapshot: japanese=Some(true) ime_on=Some(true) romaji=None conv=Some("0x00000010") guard=false
2026-09-19T23:59:54.011719Z DEBUG awase::journal: ime event seq=549 elapsed_ms=202592 event_kind="ObserverReported"
2026-09-19T23:59:54.011753Z DEBUG awase::journal: ime event seq=550 elapsed_ms=202592 event_kind="InputModeObserved"
2026-09-19T23:59:54.011774Z  INFO awase_windows::runtime::ime_refresh: ObserverPoll +3031ms since focus: mode ObservedRomaji → ObservedEisu
2026-09-19T23:59:54.011825Z DEBUG awase::engine::engine: [diag-engine-active] ime_on=true なのに非活性: reason=Inactive(NotRomajiInput) romaji_capable=false japanese=true user_enabled=true was_active=true input_mode=ObservedEisu
2026-09-19T23:59:54.011870Z  INFO awase::engine::engine: Engine deactivated (ime=true, romaji=false, japanese=true, user=true, reason=Inactive(NotRomajiInput))
2026-09-19T23:59:54.665963Z DEBUG awase_windows::runtime::key_pipeline: [engine-input] vk=0x4B KeyDown ts=203256609us delay=0ms state=Idle mods(c=false s=false a=false w=false) gas_ctrl=false phys_ctrl=false extra=0x5350494B pending_drain=0 gate_active=false l_thumb=None r_thumb=None [diag-ctx] ime_
2026-09-19T23:59:54.666013Z DEBUG awase::engine::engine: [diag-engine-active] ime_on=true なのに非活性: reason=Inactive(NotRomajiInput) romaji_capable=false japanese=true user_enabled=true was_active=false input_mode=ObservedEisu
2026-09-19T23:59:54.666079Z DEBUG awase::journal: key input seq=551 elapsed_ms=203247 vk_code=75 is_down=true injected=false key_class="Char" state_before="Idle" state_after="Idle" decision="PassThrough" physical="Allow" repeat_count=1 last_timestamp_us=203256609 last_elapsed_ms=0
2026-09-19T23:59:54.666208Z DEBUG execute_one{generation=None}: awase_windows::runtime::executor: [reinject] vk=0x4b down (queued passthrough now firing)
2026-09-19T23:59:54.679396Z DEBUG awase_windows::tsf::gji_monitor: [gji-io] WRITE: w_ops=+2 w_KB=+0.4 (r_ops=+4 x_ops=+4 x_KB=+0.0)
2026-09-19T23:59:54.680280Z  INFO awase_windows::tsf::win_event_obs: [gji-obs] candidate SHOW #22: last_gji_write=0ms ago
2026-09-19T23:59:54.856547Z DEBUG awase_windows::runtime::key_pipeline: [engine-input] vk=0x4B KeyUp ts=203447059us delay=0ms state=Idle mods(c=false s=false a=false w=false) gas_ctrl=false phys_ctrl=false extra=0x5350494B pending_drain=0 gate_active=false l_thumb=None r_thumb=None [diag-ctx] ime_on
2026-09-19T23:59:54.856615Z DEBUG awase::engine::engine: [diag-engine-active] ime_on=true なのに非活性: reason=Inactive(NotRomajiInput) romaji_capable=false japanese=true user_enabled=true was_active=false input_mode=ObservedEisu
2026-09-19T23:59:54.856715Z DEBUG awase::journal: key input seq=552 elapsed_ms=203437 vk_code=75 is_down=false injected=false key_class="Char" state_before="Idle" state_after="Idle" decision="PassThrough" physical="Allow" repeat_count=1 last_timestamp_us=203447059 last_elapsed_ms=0
2026-09-19T23:59:54.856915Z DEBUG execute_one{generation=None}: awase_windows::runtime::executor: [reinject] vk=0x4b up (queued passthrough now firing)
2026-09-19T23:59:54.861327Z DEBUG awase_windows::platform: [gji-fsm] StartComposition (candidate SHOW)
2026-09-19T23:59:54.861372Z DEBUG gji_on_event{event=StartComposition}: awase_windows::tsf::gji_fsm: [gji-fsm] StartComposition: OnWarm → OnComposing(AlreadyWarm)
2026-09-19T23:59:54.861525Z DEBUG awase::journal: gji fsm transition seq=553 elapsed_ms=203442 trigger="StartComposition(candidate SHOW)" state_before="OnWarm" state_after="OnComposing(Warm)"
2026-09-19T23:59:55.165842Z DEBUG awase_windows::runtime::key_pipeline: [engine-input] vk=0x1B KeyDown ts=203756550us delay=0ms state=Idle mods(c=false s=false a=false w=false) gas_ctrl=false phys_ctrl=false extra=0x5350494B pending_drain=0 gate_active=false l_thumb=None r_thumb=None [diag-ctx] ime_
2026-09-19T23:59:55.165882Z DEBUG awase::engine::engine: [diag-engine-active] ime_on=true なのに非活性: reason=Inactive(NotRomajiInput) romaji_capable=false japanese=true user_enabled=true was_active=false input_mode=ObservedEisu
2026-09-19T23:59:55.165929Z DEBUG awase::journal: key input seq=554 elapsed_ms=203746 vk_code=27 is_down=true injected=false key_class="Passthrough" state_before="Idle" state_after="Idle" decision="PassThrough" physical="Allow" repeat_count=1 last_timestamp_us=203756550 last_elapsed_ms=0
2026-09-19T23:59:55.165994Z DEBUG execute_from_hook: awase_windows::runtime::executor: [relay-passthrough] PassThrough idle: direct OS pass-through (vk=0x1b down)
2026-09-19T23:59:55.166041Z DEBUG execute_one{generation=None}: awase_windows::runtime::executor: [reinject] vk=0x1b down (queued passthrough now firing)
2026-09-19T23:59:55.174271Z  INFO awase_windows::tsf::win_event_obs: [gji-obs] candidate HIDE: last_gji_write=484ms ago
2026-09-19T23:59:55.177458Z DEBUG awase_windows::tsf::gji_monitor: [gji-io] WRITE: w_ops=+2 w_KB=+0.4 (r_ops=+4 x_ops=+4 x_KB=+0.0)
2026-09-19T23:59:55.355361Z DEBUG awase_windows::runtime::key_pipeline: [engine-input] vk=0x1B KeyUp ts=203946011us delay=0ms state=Idle mods(c=false s=false a=false w=false) gas_ctrl=false phys_ctrl=false extra=0x5350494B pending_drain=0 gate_active=false l_thumb=None r_thumb=None [diag-ctx] ime_on
2026-09-19T23:59:55.355412Z DEBUG awase::engine::engine: [diag-engine-active] ime_on=true なのに非活性: reason=Inactive(NotRomajiInput) romaji_capable=false japanese=true user_enabled=true was_active=false input_mode=ObservedEisu
2026-09-19T23:59:55.355476Z DEBUG awase::journal: key input seq=555 elapsed_ms=203936 vk_code=27 is_down=false injected=false key_class="Passthrough" state_before="Idle" state_after="Idle" decision="PassThrough" physical="Allow" repeat_count=1 last_timestamp_us=203946011 last_elapsed_ms=0
2026-09-19T23:59:55.355556Z DEBUG execute_from_hook: awase_windows::runtime::executor: [relay-passthrough] PassThrough idle: direct OS pass-through (vk=0x1b up)
2026-09-19T23:59:55.355616Z DEBUG execute_one{generation=None}: awase_windows::runtime::executor: [reinject] vk=0x1b up (queued passthrough now firing)
2026-09-19T23:59:55.359798Z DEBUG awase_windows::platform: [gji-fsm] EndComposition (candidate HIDE) epoch=FocusEpoch(22)
2026-09-19T23:59:55.360092Z DEBUG awase::journal: gji fsm transition seq=556 elapsed_ms=203940 trigger="EndComposition(candidate HIDE, epoch=FocusEpoch(22))" state_before="OnComposing(Warm)" state_after="OnWarm"
2026-09-19T23:59:57.173487Z DEBUG awase_windows::runtime::key_pipeline: [shadow-toggle] vk=0x1DはFSM delegate所有 → belief書き込み/actuationをスキップ w_ops0=111960 x_ops0=248097 x_KB0=23.7
2026-09-19T23:59:57.173522Z DEBUG awase_windows::runtime::key_pipeline: [shadow-toggle] no-op: vk=0x1D action=Toggle source=PhysicalImeKey effective_open は既に true → apply-ime 見送り
2026-09-19T23:59:57.173555Z DEBUG awase_windows::runtime::key_pipeline: [engine-input] vk=0x1D KeyDown ts=205764156us delay=0ms state=Idle mods(c=false s=false a=false w=false) gas_ctrl=false phys_ctrl=false extra=0x5350494B pending_drain=0 gate_active=false l_thumb=Some(205764146) r_thumb=None [dia
2026-09-19T23:59:57.173591Z DEBUG awase::engine::engine: [diag-engine-active] ime_on=true なのに非活性: reason=Inactive(NotRomajiInput) romaji_capable=false japanese=true user_enabled=true was_active=false input_mode=ObservedEisu
2026-09-19T23:59:57.173657Z DEBUG awase::journal: key input seq=557 elapsed_ms=205754 vk_code=29 is_down=true injected=false key_class="LeftThumb" state_before="Idle" state_after="Idle" decision="PassThrough" physical="Allow" repeat_count=1 last_timestamp_us=205764156 last_elapsed_ms=0
2026-09-19T23:59:57.173788Z DEBUG execute_one{generation=None}: awase_windows::runtime::executor: [reinject] vk=0x1d down (queued passthrough now firing)
2026-09-19T23:59:57.185702Z DEBUG awase_windows::tsf::gji_monitor: [gji-io] WRITE: w_ops=+2 w_KB=+0.0 (r_ops=+4 x_ops=+4 x_KB=+0.0)
2026-09-19T23:59:57.296615Z DEBUG awase_windows::runtime::key_pipeline: [engine-input] vk=0x1D KeyUp ts=205887272us delay=0ms state=Idle mods(c=false s=false a=false w=false) gas_ctrl=false phys_ctrl=false extra=0x5350494B pending_drain=0 gate_active=false l_thumb=None r_thumb=None [diag-ctx] ime_on
2026-09-19T23:59:57.296664Z DEBUG awase::engine::engine: [diag-engine-active] ime_on=true なのに非活性: reason=Inactive(NotRomajiInput) romaji_capable=false japanese=true user_enabled=true was_active=false input_mode=ObservedEisu
2026-09-19T23:59:57.296735Z DEBUG awase::journal: key input seq=558 elapsed_ms=205877 vk_code=29 is_down=false injected=false key_class="LeftThumb" state_before="Idle" state_after="Idle" decision="PassThrough" physical="Allow" repeat_count=1 last_timestamp_us=205887272 last_elapsed_ms=0
2026-09-19T23:59:57.296877Z DEBUG execute_one{generation=None}: awase_windows::runtime::executor: [reinject] vk=0x1d up (queued passthrough now firing)
2026-09-19T23:59:57.857027Z DEBUG awase_windows::runtime::key_pipeline: [engine-input] vk=0x4B KeyDown ts=206447673us delay=0ms state=Idle mods(c=false s=false a=false w=false) gas_ctrl=false phys_ctrl=false extra=0x5350494B pending_drain=0 gate_active=false l_thumb=None r_thumb=None [diag-ctx] ime_
2026-09-19T23:59:57.857080Z DEBUG awase::engine::engine: [diag-engine-active] ime_on=true なのに非活性: reason=Inactive(NotRomajiInput) romaji_capable=false japanese=true user_enabled=true was_active=false input_mode=ObservedEisu
2026-09-19T23:59:57.857152Z DEBUG awase::journal: key input seq=559 elapsed_ms=206437 vk_code=75 is_down=true injected=false key_class="Char" state_before="Idle" state_after="Idle" decision="PassThrough" physical="Allow" repeat_count=1 last_timestamp_us=206447673 last_elapsed_ms=0
2026-09-19T23:59:57.857293Z DEBUG execute_one{generation=None}: awase_windows::runtime::executor: [reinject] vk=0x4b down (queued passthrough now firing)
2026-09-19T23:59:58.047845Z DEBUG awase_windows::runtime::key_pipeline: [engine-input] vk=0x4B KeyUp ts=206638375us delay=0ms state=Idle mods(c=false s=false a=false w=false) gas_ctrl=false phys_ctrl=false extra=0x5350494B pending_drain=0 gate_active=false l_thumb=None r_thumb=None [diag-ctx] ime_on
2026-09-19T23:59:58.047893Z DEBUG awase::engine::engine: [diag-engine-active] ime_on=true なのに非活性: reason=Inactive(NotRomajiInput) romaji_capable=false japanese=true user_enabled=true was_active=false input_mode=ObservedEisu
2026-09-19T23:59:58.048016Z DEBUG awase::journal: key input seq=560 elapsed_ms=206628 vk_code=75 is_down=false injected=false key_class="Char" state_before="Idle" state_after="Idle" decision="PassThrough" physical="Allow" repeat_count=1 last_timestamp_us=206638375 last_elapsed_ms=0
2026-09-19T23:59:58.048270Z DEBUG execute_one{generation=None}: awase_windows::runtime::executor: [reinject] vk=0x4b up (queued passthrough now firing)
2026-09-19T23:59:58.363188Z DEBUG awase_windows::runtime::key_pipeline: [engine-input] vk=0x1B KeyDown ts=206953731us delay=0ms state=Idle mods(c=false s=false a=false w=false) gas_ctrl=false phys_ctrl=false extra=0x5350494B pending_drain=0 gate_active=false l_thumb=None r_thumb=None [diag-ctx] ime_
2026-09-19T23:59:58.363262Z DEBUG awase::engine::engine: [diag-engine-active] ime_on=true なのに非活性: reason=Inactive(NotRomajiInput) romaji_capable=false japanese=true user_enabled=true was_active=false input_mode=ObservedEisu
2026-09-19T23:59:58.363361Z DEBUG awase::journal: key input seq=561 elapsed_ms=206944 vk_code=27 is_down=true injected=false key_class="Passthrough" state_before="Idle" state_after="Idle" decision="PassThrough" physical="Allow" repeat_count=1 last_timestamp_us=206953731 last_elapsed_ms=0
2026-09-19T23:59:58.363497Z DEBUG execute_from_hook: awase_windows::runtime::executor: [relay-passthrough] PassThrough idle: direct OS pass-through (vk=0x1b down)
2026-09-19T23:59:58.363988Z DEBUG execute_one{generation=None}: awase_windows::runtime::executor: [reinject] vk=0x1b down (queued passthrough now firing)
2026-09-19T23:59:58.548122Z DEBUG awase_windows::runtime::key_pipeline: [engine-input] vk=0x1B KeyUp ts=207138391us delay=0ms state=Idle mods(c=false s=false a=false w=false) gas_ctrl=false phys_ctrl=false extra=0x5350494B pending_drain=0 gate_active=false l_thumb=None r_thumb=None [diag-ctx] ime_on
2026-09-19T23:59:58.548208Z DEBUG awase::engine::engine: [diag-engine-active] ime_on=true なのに非活性: reason=Inactive(NotRomajiInput) romaji_capable=false japanese=true user_enabled=true was_active=false input_mode=ObservedEisu
2026-09-19T23:59:58.548338Z DEBUG awase::journal: key input seq=562 elapsed_ms=207129 vk_code=27 is_down=false injected=false key_class="Passthrough" state_before="Idle" state_after="Idle" decision="PassThrough" physical="Allow" repeat_count=1 last_timestamp_us=207138391 last_elapsed_ms=0
2026-09-19T23:59:58.548499Z DEBUG execute_from_hook: awase_windows::runtime::executor: [relay-passthrough] PassThrough idle: direct OS pass-through (vk=0x1b up)
2026-09-19T23:59:58.548894Z DEBUG execute_one{generation=None}: awase_windows::runtime::executor: [reinject] vk=0x1b up (queued passthrough now firing)
script error: Output type incorrect: bool (expecting ())
